Archive member included to satisfy reference by file (symbol)

c:/intelfpga_lite/18.1/nios2eds/bin/gnu/h-x86_64-mingw32/bin/../lib/gcc/nios2-elf/5.3.0/mno-hw-mul\libgcc.a(lib2-mul.o)
                              obj/default/hello_world_small.o (__mulsi3)
../proj_bsp/\libhal_bsp.a(alt_load.o)
                              ../proj_bsp//obj/HAL/src/crt0.o (alt_load)
../proj_bsp/\libhal_bsp.a(alt_main.o)
                              ../proj_bsp//obj/HAL/src/crt0.o (alt_main)
../proj_bsp/\libhal_bsp.a(alt_printf.o)
                              obj/default/hello_world_small.o (alt_printf)
../proj_bsp/\libhal_bsp.a(alt_putchar.o)
                              ../proj_bsp/\libhal_bsp.a(alt_printf.o) (alt_putchar)
../proj_bsp/\libhal_bsp.a(alt_sys_init.o)
                              ../proj_bsp/\libhal_bsp.a(alt_main.o) (alt_irq_init)
../proj_bsp/\libhal_bsp.a(altera_avalon_jtag_uart_write.o)
                              ../proj_bsp/\libhal_bsp.a(alt_putchar.o) (altera_avalon_jtag_uart_write)
../proj_bsp/\libhal_bsp.a(altera_up_avalon_character_lcd.o)
                              obj/default/hello_world_small.o (alt_up_character_lcd_init)
../proj_bsp/\libhal_bsp.a(alt_dcache_flush_all.o)
                              ../proj_bsp/\libhal_bsp.a(alt_load.o) (alt_dcache_flush_all)
../proj_bsp/\libhal_bsp.a(alt_dev.o)
                              ../proj_bsp/\libhal_bsp.a(alt_sys_init.o) (alt_dev_list)
../proj_bsp/\libhal_bsp.a(alt_dev_llist_insert.o)
                              ../proj_bsp/\libhal_bsp.a(alt_sys_init.o) (alt_dev_llist_insert)
../proj_bsp/\libhal_bsp.a(alt_errno.o)
                              ../proj_bsp/\libhal_bsp.a(alt_dev_llist_insert.o) (alt_errno)
../proj_bsp/\libhal_bsp.a(alt_find_dev.o)
                              ../proj_bsp/\libhal_bsp.a(altera_up_avalon_character_lcd.o) (alt_find_dev)
../proj_bsp/\libhal_bsp.a(alt_icache_flush_all.o)
                              ../proj_bsp/\libhal_bsp.a(alt_load.o) (alt_icache_flush_all)
../proj_bsp/\libhal_bsp.a(altera_nios2_qsys_irq.o)
                              ../proj_bsp/\libhal_bsp.a(alt_sys_init.o) (altera_nios2_qsys_irq_init)
c:/intelfpga_lite/18.1/nios2eds/bin/gnu/h-x86_64-mingw32/bin/../lib/gcc/nios2-elf/5.3.0/../../../../../H-x86_64-mingw32/nios2-elf/lib/mno-hw-mul\libsmallc.a(lib_a-int_errno.o)
                              ../proj_bsp/\libhal_bsp.a(alt_dev_llist_insert.o) (errno)
c:/intelfpga_lite/18.1/nios2eds/bin/gnu/h-x86_64-mingw32/bin/../lib/gcc/nios2-elf/5.3.0/../../../../../H-x86_64-mingw32/nios2-elf/lib/mno-hw-mul\libsmallc.a(lib_a-memcmp.o)
                              ../proj_bsp/\libhal_bsp.a(alt_find_dev.o) (memcmp)
c:/intelfpga_lite/18.1/nios2eds/bin/gnu/h-x86_64-mingw32/bin/../lib/gcc/nios2-elf/5.3.0/../../../../../H-x86_64-mingw32/nios2-elf/lib/mno-hw-mul\libsmallc.a(lib_a-strlen.o)
                              ../proj_bsp/\libhal_bsp.a(alt_find_dev.o) (strlen)

Allocating common symbols
Common symbol       size              file

errno               0x4               c:/intelfpga_lite/18.1/nios2eds/bin/gnu/h-x86_64-mingw32/bin/../lib/gcc/nios2-elf/5.3.0/../../../../../H-x86_64-mingw32/nios2-elf/lib/mno-hw-mul\libsmallc.a(lib_a-int_errno.o)

Memory Configuration

Name             Origin             Length             Attributes
reset            0x0000000000004000 0x0000000000000020
onchip_memory2_0 0x0000000000004020 0x0000000000003fde
*default*        0x0000000000000000 0xffffffffffffffff

Linker script and memory map

LOAD ../proj_bsp//obj/HAL/src/crt0.o
LOAD obj/default/hello_world_small.o
LOAD c:/intelfpga_lite/18.1/nios2eds/bin/gnu/h-x86_64-mingw32/bin/../lib/gcc/nios2-elf/5.3.0/../../../../../H-x86_64-mingw32/nios2-elf/lib/mno-hw-mul\libstdc++.a
LOAD c:/intelfpga_lite/18.1/nios2eds/bin/gnu/h-x86_64-mingw32/bin/../lib/gcc/nios2-elf/5.3.0/../../../../../H-x86_64-mingw32/nios2-elf/lib/mno-hw-mul\libm.a
LOAD c:/intelfpga_lite/18.1/nios2eds/bin/gnu/h-x86_64-mingw32/bin/../lib/gcc/nios2-elf/5.3.0/mno-hw-mul\libgcc.a
START GROUP
LOAD c:/intelfpga_lite/18.1/nios2eds/bin/gnu/h-x86_64-mingw32/bin/../lib/gcc/nios2-elf/5.3.0/../../../../../H-x86_64-mingw32/nios2-elf/lib/mno-hw-mul\libsmallc.a
LOAD c:/intelfpga_lite/18.1/nios2eds/bin/gnu/h-x86_64-mingw32/bin/../lib/gcc/nios2-elf/5.3.0/mno-hw-mul\libgcc.a
LOAD ../proj_bsp/\libhal_bsp.a
LOAD c:/intelfpga_lite/18.1/nios2eds/bin/gnu/h-x86_64-mingw32/bin/../lib/gcc/nios2-elf/5.3.0/../../../../../H-x86_64-mingw32/nios2-elf/lib/mno-hw-mul\libm.a
END GROUP
LOAD c:/intelfpga_lite/18.1/nios2eds/bin/gnu/h-x86_64-mingw32/bin/../lib/gcc/nios2-elf/5.3.0/mno-hw-mul\libgcc.a
                0x0000000000004000                __alt_mem_onchip_memory2_0 = 0x4000

.entry          0x0000000000004000       0x20
 *(.entry)
 .entry         0x0000000000004000       0x20 ../proj_bsp//obj/HAL/src/crt0.o
                0x0000000000004000                __reset
                0x000000000000400c                _exit

.exceptions     0x0000000000004020        0x0
                0x0000000000004020                PROVIDE (__ram_exceptions_start, ABSOLUTE (.))
                0x0000000000004020                . = ALIGN (0x20)
 *(.irq)
 *(.exceptions.entry.label)
 *(.exceptions.entry.user)
 *(.exceptions.entry.ecc_fatal)
 *(.exceptions.entry)
 *(.exceptions.irqtest.user)
 *(.exceptions.irqtest)
 *(.exceptions.irqhandler.user)
 *(.exceptions.irqhandler)
 *(.exceptions.irqreturn.user)
 *(.exceptions.irqreturn)
 *(.exceptions.notirq.label)
 *(.exceptions.notirq.user)
 *(.exceptions.notirq)
 *(.exceptions.soft.user)
 *(.exceptions.soft)
 *(.exceptions.unknown.user)
 *(.exceptions.unknown)
 *(.exceptions.exit.label)
 *(.exceptions.exit.user)
 *(.exceptions.exit)
 *(.exceptions)
                0x0000000000004020                PROVIDE (__ram_exceptions_end, ABSOLUTE (.))
                0x0000000000004020                PROVIDE (__flash_exceptions_start, LOADADDR (.exceptions))

.text           0x0000000000004020      0xd30
                [!provide]                        PROVIDE (stext, ABSOLUTE (.))
 *(.interp)
 *(.hash)
 *(.dynsym)
 *(.dynstr)
 *(.gnu.version)
 *(.gnu.version_d)
 *(.gnu.version_r)
 *(.rel.init)
 *(.rela.init)
 *(.rel.text .rel.text.* .rel.gnu.linkonce.t.*)
 *(.rela.text .rela.text.* .rela.gnu.linkonce.t.*)
 *(.rel.fini)
 *(.rela.fini)
 *(.rel.rodata .rel.rodata.* .rel.gnu.linkonce.r.*)
 *(.rela.rodata .rela.rodata.* .rela.gnu.linkonce.r.*)
 *(.rel.data .rel.data.* .rel.gnu.linkonce.d.*)
 *(.rela.data .rela.data.* .rela.gnu.linkonce.d.*)
 *(.rel.tdata .rel.tdata.* .rel.gnu.linkonce.td.*)
 *(.rela.tdata .rela.tdata.* .rela.gnu.linkonce.td.*)
 *(.rel.tbss .rel.tbss.* .rel.gnu.linkonce.tb.*)
 *(.rela.tbss .rela.tbss.* .rela.gnu.linkonce.tb.*)
 *(.rel.ctors)
 *(.rela.ctors)
 *(.rel.dtors)
 *(.rela.dtors)
 *(.rel.got)
 *(.rela.got)
 *(.rel.sdata .rel.sdata.* .rel.gnu.linkonce.s.*)
 *(.rela.sdata .rela.sdata.* .rela.gnu.linkonce.s.*)
 *(.rel.sbss .rel.sbss.* .rel.gnu.linkonce.sb.*)
 *(.rela.sbss .rela.sbss.* .rela.gnu.linkonce.sb.*)
 *(.rel.sdata2 .rel.sdata2.* .rel.gnu.linkonce.s2.*)
 *(.rela.sdata2 .rela.sdata2.* .rela.gnu.linkonce.s2.*)
 *(.rel.sbss2 .rel.sbss2.* .rel.gnu.linkonce.sb2.*)
 *(.rela.sbss2 .rela.sbss2.* .rela.gnu.linkonce.sb2.*)
 *(.rel.bss .rel.bss.* .rel.gnu.linkonce.b.*)
 *(.rela.bss .rela.bss.* .rela.gnu.linkonce.b.*)
 *(.rel.plt)
 *(.rela.plt)
 *(.rel.dyn)
 *(.init)
 *(.plt)
 *(.text .stub .text.* .gnu.linkonce.t.*)
 .text          0x0000000000004020       0x3c ../proj_bsp//obj/HAL/src/crt0.o
                0x0000000000004020                _start
 .text          0x000000000000405c       0x38 obj/default/hello_world_small.o
                0x000000000000405c                delay
 .text.startup  0x0000000000004094      0x658 obj/default/hello_world_small.o
                0x0000000000004094                main
 .text          0x00000000000046ec       0x28 c:/intelfpga_lite/18.1/nios2eds/bin/gnu/h-x86_64-mingw32/bin/../lib/gcc/nios2-elf/5.3.0/mno-hw-mul\libgcc.a(lib2-mul.o)
                0x00000000000046ec                __mulsi3
 .text          0x0000000000004714       0xe0 ../proj_bsp/\libhal_bsp.a(alt_load.o)
                0x0000000000004714                alt_load
 .text          0x00000000000047f4       0x2c ../proj_bsp/\libhal_bsp.a(alt_main.o)
                0x00000000000047f4                alt_main
 .text          0x0000000000004820      0x170 ../proj_bsp/\libhal_bsp.a(alt_printf.o)
                0x0000000000004820                alt_printf
 .text          0x0000000000004990       0x48 ../proj_bsp/\libhal_bsp.a(alt_putchar.o)
                0x0000000000004990                alt_putchar
 .text          0x00000000000049d8       0x54 ../proj_bsp/\libhal_bsp.a(alt_sys_init.o)
                0x00000000000049d8                alt_irq_init
                0x00000000000049f8                alt_sys_init
 .text          0x0000000000004a2c       0x34 ../proj_bsp/\libhal_bsp.a(altera_avalon_jtag_uart_write.o)
                0x0000000000004a2c                altera_avalon_jtag_uart_write
 .text          0x0000000000004a60      0x1ac ../proj_bsp/\libhal_bsp.a(altera_up_avalon_character_lcd.o)
                0x0000000000004a60                get_DDRAM_addr
                0x0000000000004a74                alt_up_character_lcd_send_cmd
                0x0000000000004a80                alt_up_character_lcd_init
                0x0000000000004a90                alt_up_character_lcd_open_dev
                0x0000000000004a98                alt_up_character_lcd_write
                0x0000000000004ab8                alt_up_character_lcd_string
                0x0000000000004ae0                alt_up_character_lcd_write_fd
                0x0000000000004b00                alt_up_character_lcd_set_cursor_pos
                0x0000000000004b38                alt_up_character_lcd_shift_cursor
                0x0000000000004b70                alt_up_character_lcd_shift_display
                0x0000000000004ba8                alt_up_character_lcd_erase_pos
                0x0000000000004bec                alt_up_character_lcd_cursor_off
                0x0000000000004bfc                alt_up_character_lcd_cursor_blink_on
 .text          0x0000000000004c0c        0x4 ../proj_bsp/\libhal_bsp.a(alt_dcache_flush_all.o)
                0x0000000000004c0c                alt_dcache_flush_all
 .text          0x0000000000004c10        0x8 ../proj_bsp/\libhal_bsp.a(alt_dev.o)
 .text          0x0000000000004c18       0x6c ../proj_bsp/\libhal_bsp.a(alt_dev_llist_insert.o)
                0x0000000000004c18                alt_dev_llist_insert
 .text          0x0000000000004c84        0x0 ../proj_bsp/\libhal_bsp.a(alt_errno.o)
 .text          0x0000000000004c84       0x74 ../proj_bsp/\libhal_bsp.a(alt_find_dev.o)
                0x0000000000004c84                alt_find_dev
 .text          0x0000000000004cf8        0x4 ../proj_bsp/\libhal_bsp.a(alt_icache_flush_all.o)
                0x0000000000004cf8                alt_icache_flush_all
 .text          0x0000000000004cfc        0x8 ../proj_bsp/\libhal_bsp.a(altera_nios2_qsys_irq.o)
                0x0000000000004cfc                altera_nios2_qsys_irq_init
 .text          0x0000000000004d04        0x0 c:/intelfpga_lite/18.1/nios2eds/bin/gnu/h-x86_64-mingw32/bin/../lib/gcc/nios2-elf/5.3.0/../../../../../H-x86_64-mingw32/nios2-elf/lib/mno-hw-mul\libsmallc.a(lib_a-int_errno.o)
 .text          0x0000000000004d04        0x0 c:/intelfpga_lite/18.1/nios2eds/bin/gnu/h-x86_64-mingw32/bin/../lib/gcc/nios2-elf/5.3.0/../../../../../H-x86_64-mingw32/nios2-elf/lib/mno-hw-mul\libsmallc.a(lib_a-memcmp.o)
 .text.memcmp   0x0000000000004d04       0x30 c:/intelfpga_lite/18.1/nios2eds/bin/gnu/h-x86_64-mingw32/bin/../lib/gcc/nios2-elf/5.3.0/../../../../../H-x86_64-mingw32/nios2-elf/lib/mno-hw-mul\libsmallc.a(lib_a-memcmp.o)
                0x0000000000004d04                memcmp
 .text          0x0000000000004d34        0x0 c:/intelfpga_lite/18.1/nios2eds/bin/gnu/h-x86_64-mingw32/bin/../lib/gcc/nios2-elf/5.3.0/../../../../../H-x86_64-mingw32/nios2-elf/lib/mno-hw-mul\libsmallc.a(lib_a-strlen.o)
 .text.strlen   0x0000000000004d34       0x1c c:/intelfpga_lite/18.1/nios2eds/bin/gnu/h-x86_64-mingw32/bin/../lib/gcc/nios2-elf/5.3.0/../../../../../H-x86_64-mingw32/nios2-elf/lib/mno-hw-mul\libsmallc.a(lib_a-strlen.o)
                0x0000000000004d34                strlen
 *(.gnu.warning.*)
 *(.fini)
                [!provide]                        PROVIDE (__etext, ABSOLUTE (.))
                [!provide]                        PROVIDE (_etext, ABSOLUTE (.))
                [!provide]                        PROVIDE (etext, ABSOLUTE (.))
 *(.eh_frame_hdr)
                0x0000000000004d50                . = ALIGN (0x4)
                [!provide]                        PROVIDE (__preinit_array_start, ABSOLUTE (.))
 *(.preinit_array)
                [!provide]                        PROVIDE (__preinit_array_end, ABSOLUTE (.))
                [!provide]                        PROVIDE (__init_array_start, ABSOLUTE (.))
 *(.init_array)
                [!provide]                        PROVIDE (__init_array_end, ABSOLUTE (.))
                [!provide]                        PROVIDE (__fini_array_start, ABSOLUTE (.))
 *(.fini_array)
                [!provide]                        PROVIDE (__fini_array_end, ABSOLUTE (.))
 *(.eh_frame)
 *(.gcc_except_table .gcc_except_table.*)
 *(.dynamic)
                [!provide]                        PROVIDE (__CTOR_LIST__, ABSOLUTE (.))
 *(.ctors)
 *(SORT(.ctors.*))
                [!provide]                        PROVIDE (__CTOR_END__, ABSOLUTE (.))
                [!provide]                        PROVIDE (__DTOR_LIST__, ABSOLUTE (.))
 *(.dtors)
 *(SORT(.dtors.*))
                [!provide]                        PROVIDE (__DTOR_END__, ABSOLUTE (.))
 *(.jcr)
                0x0000000000004d50                . = ALIGN (0x4)

.rodata         0x0000000000004d50       0xc0
                0x0000000000004d50                PROVIDE (__ram_rodata_start, ABSOLUTE (.))
                0x0000000000004d50                . = ALIGN (0x4)
 *(.rodata .rodata.* .gnu.linkonce.r.*)
 .rodata.str1.4
                0x0000000000004d50       0xb3 obj/default/hello_world_small.o
 .rodata.str1.4
                0x0000000000004e03       0x15 ../proj_bsp/\libhal_bsp.a(alt_sys_init.o)
 *fill*         0x0000000000004e03        0x1 
 .rodata.str1.4
                0x0000000000004e04        0xc ../proj_bsp/\libhal_bsp.a(alt_dev.o)
                                          0xa (size before relaxing)
 *(.rodata1)
                0x0000000000004e10                . = ALIGN (0x4)
                0x0000000000004e10                PROVIDE (__ram_rodata_end, ABSOLUTE (.))
                0x0000000000004d50                PROVIDE (__flash_rodata_start, LOADADDR (.rodata))

.rwdata         0x0000000000004e10       0xa0 load address 0x0000000000004eb0
                0x0000000000004e10                PROVIDE (__ram_rwdata_start, ABSOLUTE (.))
                0x0000000000004e10                . = ALIGN (0x4)
 *(.got.plt)
 *(.got)
 *(.data1)
 *(.data .data.* .gnu.linkonce.d.*)
 .data          0x0000000000004e10        0x0 ../proj_bsp//obj/HAL/src/crt0.o
 .data          0x0000000000004e10        0x0 obj/default/hello_world_small.o
 .data          0x0000000000004e10        0x0 c:/intelfpga_lite/18.1/nios2eds/bin/gnu/h-x86_64-mingw32/bin/../lib/gcc/nios2-elf/5.3.0/mno-hw-mul\libgcc.a(lib2-mul.o)
 .data          0x0000000000004e10        0x0 ../proj_bsp/\libhal_bsp.a(alt_load.o)
 .data          0x0000000000004e10        0x0 ../proj_bsp/\libhal_bsp.a(alt_main.o)
 .data          0x0000000000004e10        0x0 ../proj_bsp/\libhal_bsp.a(alt_printf.o)
 .data          0x0000000000004e10        0x0 ../proj_bsp/\libhal_bsp.a(alt_putchar.o)
 .data          0x0000000000004e10       0x2c ../proj_bsp/\libhal_bsp.a(alt_sys_init.o)
 .data          0x0000000000004e3c        0x0 ../proj_bsp/\libhal_bsp.a(altera_avalon_jtag_uart_write.o)
 .data          0x0000000000004e3c        0x0 ../proj_bsp/\libhal_bsp.a(altera_up_avalon_character_lcd.o)
 .data          0x0000000000004e3c        0x0 ../proj_bsp/\libhal_bsp.a(alt_dcache_flush_all.o)
 .data          0x0000000000004e3c       0x58 ../proj_bsp/\libhal_bsp.a(alt_dev.o)
                0x0000000000004e3c                alt_fd_list
                0x0000000000004e6c                alt_dev_null
 .data          0x0000000000004e94        0x0 ../proj_bsp/\libhal_bsp.a(alt_dev_llist_insert.o)
 .data          0x0000000000004e94        0x0 ../proj_bsp/\libhal_bsp.a(alt_errno.o)
 .data          0x0000000000004e94        0x0 ../proj_bsp/\libhal_bsp.a(alt_find_dev.o)
 .data          0x0000000000004e94        0x0 ../proj_bsp/\libhal_bsp.a(alt_icache_flush_all.o)
 .data          0x0000000000004e94        0x0 ../proj_bsp/\libhal_bsp.a(altera_nios2_qsys_irq.o)
 .data          0x0000000000004e94        0x0 c:/intelfpga_lite/18.1/nios2eds/bin/gnu/h-x86_64-mingw32/bin/../lib/gcc/nios2-elf/5.3.0/../../../../../H-x86_64-mingw32/nios2-elf/lib/mno-hw-mul\libsmallc.a(lib_a-int_errno.o)
 .data          0x0000000000004e94        0x0 c:/intelfpga_lite/18.1/nios2eds/bin/gnu/h-x86_64-mingw32/bin/../lib/gcc/nios2-elf/5.3.0/../../../../../H-x86_64-mingw32/nios2-elf/lib/mno-hw-mul\libsmallc.a(lib_a-memcmp.o)
 .data          0x0000000000004e94        0x0 c:/intelfpga_lite/18.1/nios2eds/bin/gnu/h-x86_64-mingw32/bin/../lib/gcc/nios2-elf/5.3.0/../../../../../H-x86_64-mingw32/nios2-elf/lib/mno-hw-mul\libsmallc.a(lib_a-strlen.o)
                0x000000000000ce94                _gp = ABSOLUTE ((. + 0x8000))
                [!provide]                        PROVIDE (gp, _gp)
 *(.rwdata .rwdata.*)
 *(.sdata .sdata.* .gnu.linkonce.s.*)
 .sdata         0x0000000000004e94        0x4 ../proj_bsp/\libhal_bsp.a(alt_sys_init.o)
                0x0000000000004e94                jtag_uart_0
 .sdata         0x0000000000004e98       0x14 ../proj_bsp/\libhal_bsp.a(alt_dev.o)
                0x0000000000004e98                alt_max_fd
                0x0000000000004e9c                alt_dev_list
                0x0000000000004ea4                alt_fs_list
 .sdata         0x0000000000004eac        0x4 ../proj_bsp/\libhal_bsp.a(alt_errno.o)
                0x0000000000004eac                alt_errno
 *(.sdata2 .sdata2.* .gnu.linkonce.s2.*)
                0x0000000000004eb0                . = ALIGN (0x4)
                0x0000000000004eb0                _edata = ABSOLUTE (.)
                [!provide]                        PROVIDE (edata, ABSOLUTE (.))
                0x0000000000004eb0                PROVIDE (__ram_rwdata_end, ABSOLUTE (.))
                0x0000000000004eb0                PROVIDE (__flash_rwdata_start, LOADADDR (.rwdata))

.bss            0x0000000000004f50       0x10
                0x0000000000004f50                __bss_start = ABSOLUTE (.)
                [!provide]                        PROVIDE (__sbss_start, ABSOLUTE (.))
                [!provide]                        PROVIDE (___sbss_start, ABSOLUTE (.))
 *(.dynsbss)
 *(.sbss .sbss.* .gnu.linkonce.sb.*)
 .sbss          0x0000000000004f50        0xc ../proj_bsp/\libhal_bsp.a(alt_main.o)
                0x0000000000004f50                alt_envp
                0x0000000000004f54                alt_argv
                0x0000000000004f58                alt_argc
 .sbss          0x0000000000004f5c        0x4 c:/intelfpga_lite/18.1/nios2eds/bin/gnu/h-x86_64-mingw32/bin/../lib/gcc/nios2-elf/5.3.0/../../../../../H-x86_64-mingw32/nios2-elf/lib/mno-hw-mul\libsmallc.a(lib_a-int_errno.o)
                0x0000000000004f5c                errno
 *(.sbss2 .sbss2.* .gnu.linkonce.sb2.*)
 *(.scommon)
                [!provide]                        PROVIDE (__sbss_end, ABSOLUTE (.))
                [!provide]                        PROVIDE (___sbss_end, ABSOLUTE (.))
 *(.dynbss)
 *(.bss .bss.* .gnu.linkonce.b.*)
 .bss           0x0000000000004f60        0x0 ../proj_bsp//obj/HAL/src/crt0.o
 .bss           0x0000000000004f60        0x0 obj/default/hello_world_small.o
 .bss           0x0000000000004f60        0x0 c:/intelfpga_lite/18.1/nios2eds/bin/gnu/h-x86_64-mingw32/bin/../lib/gcc/nios2-elf/5.3.0/mno-hw-mul\libgcc.a(lib2-mul.o)
 .bss           0x0000000000004f60        0x0 ../proj_bsp/\libhal_bsp.a(alt_load.o)
 .bss           0x0000000000004f60        0x0 ../proj_bsp/\libhal_bsp.a(alt_main.o)
 .bss           0x0000000000004f60        0x0 ../proj_bsp/\libhal_bsp.a(alt_printf.o)
 .bss           0x0000000000004f60        0x0 ../proj_bsp/\libhal_bsp.a(alt_putchar.o)
 .bss           0x0000000000004f60        0x0 ../proj_bsp/\libhal_bsp.a(alt_sys_init.o)
 .bss           0x0000000000004f60        0x0 ../proj_bsp/\libhal_bsp.a(altera_avalon_jtag_uart_write.o)
 .bss           0x0000000000004f60        0x0 ../proj_bsp/\libhal_bsp.a(altera_up_avalon_character_lcd.o)
 .bss           0x0000000000004f60        0x0 ../proj_bsp/\libhal_bsp.a(alt_dcache_flush_all.o)
 .bss           0x0000000000004f60        0x0 ../proj_bsp/\libhal_bsp.a(alt_dev.o)
 .bss           0x0000000000004f60        0x0 ../proj_bsp/\libhal_bsp.a(alt_dev_llist_insert.o)
 .bss           0x0000000000004f60        0x0 ../proj_bsp/\libhal_bsp.a(alt_errno.o)
 .bss           0x0000000000004f60        0x0 ../proj_bsp/\libhal_bsp.a(alt_find_dev.o)
 .bss           0x0000000000004f60        0x0 ../proj_bsp/\libhal_bsp.a(alt_icache_flush_all.o)
 .bss           0x0000000000004f60        0x0 ../proj_bsp/\libhal_bsp.a(altera_nios2_qsys_irq.o)
 .bss           0x0000000000004f60        0x0 c:/intelfpga_lite/18.1/nios2eds/bin/gnu/h-x86_64-mingw32/bin/../lib/gcc/nios2-elf/5.3.0/../../../../../H-x86_64-mingw32/nios2-elf/lib/mno-hw-mul\libsmallc.a(lib_a-int_errno.o)
 .bss           0x0000000000004f60        0x0 c:/intelfpga_lite/18.1/nios2eds/bin/gnu/h-x86_64-mingw32/bin/../lib/gcc/nios2-elf/5.3.0/../../../../../H-x86_64-mingw32/nios2-elf/lib/mno-hw-mul\libsmallc.a(lib_a-memcmp.o)
 .bss           0x0000000000004f60        0x0 c:/intelfpga_lite/18.1/nios2eds/bin/gnu/h-x86_64-mingw32/bin/../lib/gcc/nios2-elf/5.3.0/../../../../../H-x86_64-mingw32/nios2-elf/lib/mno-hw-mul\libsmallc.a(lib_a-strlen.o)
 *(COMMON)
                0x0000000000004f60                . = ALIGN (0x4)
                0x0000000000004f60                __bss_end = ABSOLUTE (.)

.onchip_memory2_0
                0x0000000000004f60        0x0
                [!provide]                        PROVIDE (_alt_partition_onchip_memory2_0_start, ABSOLUTE (.))
 *(.onchip_memory2_0 .onchip_memory2_0. onchip_memory2_0.*)
                0x0000000000004f60                . = ALIGN (0x4)
                [!provide]                        PROVIDE (_alt_partition_onchip_memory2_0_end, ABSOLUTE (.))
                0x0000000000004f60                _end = ABSOLUTE (.)
                0x0000000000004f60                end = ABSOLUTE (.)
                0x0000000000004f60                __alt_stack_base = ABSOLUTE (.)
                [!provide]                        PROVIDE (_alt_partition_onchip_memory2_0_load_addr, LOADADDR (.onchip_memory2_0))

.stab
 *(.stab)

.stabstr
 *(.stabstr)

.stab.excl
 *(.stab.excl)

.stab.exclstr
 *(.stab.exclstr)

.stab.index
 *(.stab.index)

.stab.indexstr
 *(.stab.indexstr)

.comment        0x0000000000000000       0x23
 *(.comment)
 .comment       0x0000000000000000       0x23 obj/default/hello_world_small.o
                                         0x24 (size before relaxing)
 .comment       0x0000000000000023       0x24 c:/intelfpga_lite/18.1/nios2eds/bin/gnu/h-x86_64-mingw32/bin/../lib/gcc/nios2-elf/5.3.0/mno-hw-mul\libgcc.a(lib2-mul.o)
 .comment       0x0000000000000023       0x24 ../proj_bsp/\libhal_bsp.a(alt_load.o)
 .comment       0x0000000000000023       0x24 ../proj_bsp/\libhal_bsp.a(alt_main.o)
 .comment       0x0000000000000023       0x24 ../proj_bsp/\libhal_bsp.a(alt_printf.o)
 .comment       0x0000000000000023       0x24 ../proj_bsp/\libhal_bsp.a(alt_putchar.o)
 .comment       0x0000000000000023       0x24 ../proj_bsp/\libhal_bsp.a(alt_sys_init.o)
 .comment       0x0000000000000023       0x24 ../proj_bsp/\libhal_bsp.a(altera_avalon_jtag_uart_write.o)
 .comment       0x0000000000000023       0x24 ../proj_bsp/\libhal_bsp.a(altera_up_avalon_character_lcd.o)
 .comment       0x0000000000000023       0x24 ../proj_bsp/\libhal_bsp.a(alt_dcache_flush_all.o)
 .comment       0x0000000000000023       0x24 ../proj_bsp/\libhal_bsp.a(alt_dev.o)
 .comment       0x0000000000000023       0x24 ../proj_bsp/\libhal_bsp.a(alt_dev_llist_insert.o)
 .comment       0x0000000000000023       0x24 ../proj_bsp/\libhal_bsp.a(alt_errno.o)
 .comment       0x0000000000000023       0x24 ../proj_bsp/\libhal_bsp.a(alt_find_dev.o)
 .comment       0x0000000000000023       0x24 ../proj_bsp/\libhal_bsp.a(alt_icache_flush_all.o)
 .comment       0x0000000000000023       0x24 ../proj_bsp/\libhal_bsp.a(altera_nios2_qsys_irq.o)
 .comment       0x0000000000000023       0x24 c:/intelfpga_lite/18.1/nios2eds/bin/gnu/h-x86_64-mingw32/bin/../lib/gcc/nios2-elf/5.3.0/../../../../../H-x86_64-mingw32/nios2-elf/lib/mno-hw-mul\libsmallc.a(lib_a-int_errno.o)
 .comment       0x0000000000000023       0x24 c:/intelfpga_lite/18.1/nios2eds/bin/gnu/h-x86_64-mingw32/bin/../lib/gcc/nios2-elf/5.3.0/../../../../../H-x86_64-mingw32/nios2-elf/lib/mno-hw-mul\libsmallc.a(lib_a-memcmp.o)
 .comment       0x0000000000000023       0x24 c:/intelfpga_lite/18.1/nios2eds/bin/gnu/h-x86_64-mingw32/bin/../lib/gcc/nios2-elf/5.3.0/../../../../../H-x86_64-mingw32/nios2-elf/lib/mno-hw-mul\libsmallc.a(lib_a-strlen.o)

.debug
 *(.debug)

.line
 *(.line)

.debug_srcinfo
 *(.debug_srcinfo)

.debug_sfnames
 *(.debug_sfnames)

.debug_aranges  0x0000000000000000      0x280
 *(.debug_aranges)
 .debug_aranges
                0x0000000000000000       0x28 ../proj_bsp//obj/HAL/src/crt0.o
 .debug_aranges
                0x0000000000000028       0x28 obj/default/hello_world_small.o
 .debug_aranges
                0x0000000000000050       0x20 c:/intelfpga_lite/18.1/nios2eds/bin/gnu/h-x86_64-mingw32/bin/../lib/gcc/nios2-elf/5.3.0/mno-hw-mul\libgcc.a(lib2-mul.o)
 .debug_aranges
                0x0000000000000070       0x20 ../proj_bsp/\libhal_bsp.a(alt_load.o)
 .debug_aranges
                0x0000000000000090       0x20 ../proj_bsp/\libhal_bsp.a(alt_main.o)
 .debug_aranges
                0x00000000000000b0       0x20 ../proj_bsp/\libhal_bsp.a(alt_printf.o)
 .debug_aranges
                0x00000000000000d0       0x20 ../proj_bsp/\libhal_bsp.a(alt_putchar.o)
 .debug_aranges
                0x00000000000000f0       0x20 ../proj_bsp/\libhal_bsp.a(alt_sys_init.o)
 .debug_aranges
                0x0000000000000110       0x20 ../proj_bsp/\libhal_bsp.a(altera_avalon_jtag_uart_write.o)
 .debug_aranges
                0x0000000000000130       0x20 ../proj_bsp/\libhal_bsp.a(altera_up_avalon_character_lcd.o)
 .debug_aranges
                0x0000000000000150       0x20 ../proj_bsp/\libhal_bsp.a(alt_dcache_flush_all.o)
 .debug_aranges
                0x0000000000000170       0x20 ../proj_bsp/\libhal_bsp.a(alt_dev.o)
 .debug_aranges
                0x0000000000000190       0x20 ../proj_bsp/\libhal_bsp.a(alt_dev_llist_insert.o)
 .debug_aranges
                0x00000000000001b0       0x18 ../proj_bsp/\libhal_bsp.a(alt_errno.o)
 .debug_aranges
                0x00000000000001c8       0x20 ../proj_bsp/\libhal_bsp.a(alt_find_dev.o)
 .debug_aranges
                0x00000000000001e8       0x20 ../proj_bsp/\libhal_bsp.a(alt_icache_flush_all.o)
 .debug_aranges
                0x0000000000000208       0x20 ../proj_bsp/\libhal_bsp.a(altera_nios2_qsys_irq.o)
 .debug_aranges
                0x0000000000000228       0x18 c:/intelfpga_lite/18.1/nios2eds/bin/gnu/h-x86_64-mingw32/bin/../lib/gcc/nios2-elf/5.3.0/../../../../../H-x86_64-mingw32/nios2-elf/lib/mno-hw-mul\libsmallc.a(lib_a-int_errno.o)
 .debug_aranges
                0x0000000000000240       0x20 c:/intelfpga_lite/18.1/nios2eds/bin/gnu/h-x86_64-mingw32/bin/../lib/gcc/nios2-elf/5.3.0/../../../../../H-x86_64-mingw32/nios2-elf/lib/mno-hw-mul\libsmallc.a(lib_a-memcmp.o)
 .debug_aranges
                0x0000000000000260       0x20 c:/intelfpga_lite/18.1/nios2eds/bin/gnu/h-x86_64-mingw32/bin/../lib/gcc/nios2-elf/5.3.0/../../../../../H-x86_64-mingw32/nios2-elf/lib/mno-hw-mul\libsmallc.a(lib_a-strlen.o)

.debug_pubnames
 *(.debug_pubnames)

.debug_info     0x0000000000000000     0x2d4c
 *(.debug_info .gnu.linkonce.wi.*)
 .debug_info    0x0000000000000000       0x6d ../proj_bsp//obj/HAL/src/crt0.o
 .debug_info    0x000000000000006d      0xae6 obj/default/hello_world_small.o
 .debug_info    0x0000000000000b53       0xb4 c:/intelfpga_lite/18.1/nios2eds/bin/gnu/h-x86_64-mingw32/bin/../lib/gcc/nios2-elf/5.3.0/mno-hw-mul\libgcc.a(lib2-mul.o)
 .debug_info    0x0000000000000c07      0x1c9 ../proj_bsp/\libhal_bsp.a(alt_load.o)
 .debug_info    0x0000000000000dd0      0x169 ../proj_bsp/\libhal_bsp.a(alt_main.o)
 .debug_info    0x0000000000000f39      0x14d ../proj_bsp/\libhal_bsp.a(alt_printf.o)
 .debug_info    0x0000000000001086      0x12a ../proj_bsp/\libhal_bsp.a(alt_putchar.o)
 .debug_info    0x00000000000011b0      0x44c ../proj_bsp/\libhal_bsp.a(alt_sys_init.o)
 .debug_info    0x00000000000015fc      0x197 ../proj_bsp/\libhal_bsp.a(altera_avalon_jtag_uart_write.o)
 .debug_info    0x0000000000001793      0x79d ../proj_bsp/\libhal_bsp.a(altera_up_avalon_character_lcd.o)
 .debug_info    0x0000000000001f30       0x92 ../proj_bsp/\libhal_bsp.a(alt_dcache_flush_all.o)
 .debug_info    0x0000000000001fc2      0x499 ../proj_bsp/\libhal_bsp.a(alt_dev.o)
 .debug_info    0x000000000000245b      0x1b3 ../proj_bsp/\libhal_bsp.a(alt_dev_llist_insert.o)
 .debug_info    0x000000000000260e       0xa6 ../proj_bsp/\libhal_bsp.a(alt_errno.o)
 .debug_info    0x00000000000026b4      0x32d ../proj_bsp/\libhal_bsp.a(alt_find_dev.o)
 .debug_info    0x00000000000029e1       0x92 ../proj_bsp/\libhal_bsp.a(alt_icache_flush_all.o)
 .debug_info    0x0000000000002a73       0x92 ../proj_bsp/\libhal_bsp.a(altera_nios2_qsys_irq.o)
 .debug_info    0x0000000000002b05       0x8a c:/intelfpga_lite/18.1/nios2eds/bin/gnu/h-x86_64-mingw32/bin/../lib/gcc/nios2-elf/5.3.0/../../../../../H-x86_64-mingw32/nios2-elf/lib/mno-hw-mul\libsmallc.a(lib_a-int_errno.o)
 .debug_info    0x0000000000002b8f       0xf4 c:/intelfpga_lite/18.1/nios2eds/bin/gnu/h-x86_64-mingw32/bin/../lib/gcc/nios2-elf/5.3.0/../../../../../H-x86_64-mingw32/nios2-elf/lib/mno-hw-mul\libsmallc.a(lib_a-memcmp.o)
 .debug_info    0x0000000000002c83       0xc9 c:/intelfpga_lite/18.1/nios2eds/bin/gnu/h-x86_64-mingw32/bin/../lib/gcc/nios2-elf/5.3.0/../../../../../H-x86_64-mingw32/nios2-elf/lib/mno-hw-mul\libsmallc.a(lib_a-strlen.o)

.debug_abbrev   0x0000000000000000      0xf7c
 *(.debug_abbrev)
 .debug_abbrev  0x0000000000000000       0x12 ../proj_bsp//obj/HAL/src/crt0.o
 .debug_abbrev  0x0000000000000012      0x172 obj/default/hello_world_small.o
 .debug_abbrev  0x0000000000000184       0x6f c:/intelfpga_lite/18.1/nios2eds/bin/gnu/h-x86_64-mingw32/bin/../lib/gcc/nios2-elf/5.3.0/mno-hw-mul\libgcc.a(lib2-mul.o)
 .debug_abbrev  0x00000000000001f3       0xd8 ../proj_bsp/\libhal_bsp.a(alt_load.o)
 .debug_abbrev  0x00000000000002cb       0xee ../proj_bsp/\libhal_bsp.a(alt_main.o)
 .debug_abbrev  0x00000000000003b9       0xd5 ../proj_bsp/\libhal_bsp.a(alt_printf.o)
 .debug_abbrev  0x000000000000048e       0xd2 ../proj_bsp/\libhal_bsp.a(alt_putchar.o)
 .debug_abbrev  0x0000000000000560      0x1b2 ../proj_bsp/\libhal_bsp.a(alt_sys_init.o)
 .debug_abbrev  0x0000000000000712       0xd5 ../proj_bsp/\libhal_bsp.a(altera_avalon_jtag_uart_write.o)
 .debug_abbrev  0x00000000000007e7      0x226 ../proj_bsp/\libhal_bsp.a(altera_up_avalon_character_lcd.o)
 .debug_abbrev  0x0000000000000a0d       0x42 ../proj_bsp/\libhal_bsp.a(alt_dcache_flush_all.o)
 .debug_abbrev  0x0000000000000a4f       0xd9 ../proj_bsp/\libhal_bsp.a(alt_dev.o)
 .debug_abbrev  0x0000000000000b28      0x11c ../proj_bsp/\libhal_bsp.a(alt_dev_llist_insert.o)
 .debug_abbrev  0x0000000000000c44       0x5a ../proj_bsp/\libhal_bsp.a(alt_errno.o)
 .debug_abbrev  0x0000000000000c9e      0x125 ../proj_bsp/\libhal_bsp.a(alt_find_dev.o)
 .debug_abbrev  0x0000000000000dc3       0x42 ../proj_bsp/\libhal_bsp.a(alt_icache_flush_all.o)
 .debug_abbrev  0x0000000000000e05       0x42 ../proj_bsp/\libhal_bsp.a(altera_nios2_qsys_irq.o)
 .debug_abbrev  0x0000000000000e47       0x37 c:/intelfpga_lite/18.1/nios2eds/bin/gnu/h-x86_64-mingw32/bin/../lib/gcc/nios2-elf/5.3.0/../../../../../H-x86_64-mingw32/nios2-elf/lib/mno-hw-mul\libsmallc.a(lib_a-int_errno.o)
 .debug_abbrev  0x0000000000000e7e       0x7f c:/intelfpga_lite/18.1/nios2eds/bin/gnu/h-x86_64-mingw32/bin/../lib/gcc/nios2-elf/5.3.0/../../../../../H-x86_64-mingw32/nios2-elf/lib/mno-hw-mul\libsmallc.a(lib_a-memcmp.o)
 .debug_abbrev  0x0000000000000efd       0x7f c:/intelfpga_lite/18.1/nios2eds/bin/gnu/h-x86_64-mingw32/bin/../lib/gcc/nios2-elf/5.3.0/../../../../../H-x86_64-mingw32/nios2-elf/lib/mno-hw-mul\libsmallc.a(lib_a-strlen.o)

.debug_line     0x0000000000000000     0x10ce
 *(.debug_line)
 .debug_line    0x0000000000000000       0x66 ../proj_bsp//obj/HAL/src/crt0.o
 .debug_line    0x0000000000000066      0x233 obj/default/hello_world_small.o
 .debug_line    0x0000000000000299       0x80 c:/intelfpga_lite/18.1/nios2eds/bin/gnu/h-x86_64-mingw32/bin/../lib/gcc/nios2-elf/5.3.0/mno-hw-mul\libgcc.a(lib2-mul.o)
 .debug_line    0x0000000000000319       0xa4 ../proj_bsp/\libhal_bsp.a(alt_load.o)
 .debug_line    0x00000000000003bd       0xbd ../proj_bsp/\libhal_bsp.a(alt_main.o)
 .debug_line    0x000000000000047a      0x112 ../proj_bsp/\libhal_bsp.a(alt_printf.o)
 .debug_line    0x000000000000058c       0x55 ../proj_bsp/\libhal_bsp.a(alt_putchar.o)
 .debug_line    0x00000000000005e1      0x14a ../proj_bsp/\libhal_bsp.a(alt_sys_init.o)
 .debug_line    0x000000000000072b       0xf0 ../proj_bsp/\libhal_bsp.a(altera_avalon_jtag_uart_write.o)
 .debug_line    0x000000000000081b      0x186 ../proj_bsp/\libhal_bsp.a(altera_up_avalon_character_lcd.o)
 .debug_line    0x00000000000009a1       0x4e ../proj_bsp/\libhal_bsp.a(alt_dcache_flush_all.o)
 .debug_line    0x00000000000009ef       0xf6 ../proj_bsp/\libhal_bsp.a(alt_dev.o)
 .debug_line    0x0000000000000ae5       0xd8 ../proj_bsp/\libhal_bsp.a(alt_dev_llist_insert.o)
 .debug_line    0x0000000000000bbd       0x51 ../proj_bsp/\libhal_bsp.a(alt_errno.o)
 .debug_line    0x0000000000000c0e      0x107 ../proj_bsp/\libhal_bsp.a(alt_find_dev.o)
 .debug_line    0x0000000000000d15       0x4e ../proj_bsp/\libhal_bsp.a(alt_icache_flush_all.o)
 .debug_line    0x0000000000000d63       0x50 ../proj_bsp/\libhal_bsp.a(altera_nios2_qsys_irq.o)
 .debug_line    0x0000000000000db3       0x5f c:/intelfpga_lite/18.1/nios2eds/bin/gnu/h-x86_64-mingw32/bin/../lib/gcc/nios2-elf/5.3.0/../../../../../H-x86_64-mingw32/nios2-elf/lib/mno-hw-mul\libsmallc.a(lib_a-int_errno.o)
 .debug_line    0x0000000000000e12      0x160 c:/intelfpga_lite/18.1/nios2eds/bin/gnu/h-x86_64-mingw32/bin/../lib/gcc/nios2-elf/5.3.0/../../../../../H-x86_64-mingw32/nios2-elf/lib/mno-hw-mul\libsmallc.a(lib_a-memcmp.o)
 .debug_line    0x0000000000000f72      0x15c c:/intelfpga_lite/18.1/nios2eds/bin/gnu/h-x86_64-mingw32/bin/../lib/gcc/nios2-elf/5.3.0/../../../../../H-x86_64-mingw32/nios2-elf/lib/mno-hw-mul\libsmallc.a(lib_a-strlen.o)

.debug_frame    0x0000000000000000      0x3cc
 *(.debug_frame)
 .debug_frame   0x0000000000000000       0x4c obj/default/hello_world_small.o
 .debug_frame   0x000000000000004c       0x20 c:/intelfpga_lite/18.1/nios2eds/bin/gnu/h-x86_64-mingw32/bin/../lib/gcc/nios2-elf/5.3.0/mno-hw-mul\libgcc.a(lib2-mul.o)
 .debug_frame   0x000000000000006c       0x30 ../proj_bsp/\libhal_bsp.a(alt_load.o)
 .debug_frame   0x000000000000009c       0x2c ../proj_bsp/\libhal_bsp.a(alt_main.o)
 .debug_frame   0x00000000000000c8       0x54 ../proj_bsp/\libhal_bsp.a(alt_printf.o)
 .debug_frame   0x000000000000011c       0x30 ../proj_bsp/\libhal_bsp.a(alt_putchar.o)
 .debug_frame   0x000000000000014c       0x4c ../proj_bsp/\libhal_bsp.a(alt_sys_init.o)
 .debug_frame   0x0000000000000198       0x20 ../proj_bsp/\libhal_bsp.a(altera_avalon_jtag_uart_write.o)
 .debug_frame   0x00000000000001b8       0xec ../proj_bsp/\libhal_bsp.a(altera_up_avalon_character_lcd.o)
 .debug_frame   0x00000000000002a4       0x20 ../proj_bsp/\libhal_bsp.a(alt_dcache_flush_all.o)
 .debug_frame   0x00000000000002c4       0x20 ../proj_bsp/\libhal_bsp.a(alt_dev.o)
 .debug_frame   0x00000000000002e4       0x2c ../proj_bsp/\libhal_bsp.a(alt_dev_llist_insert.o)
 .debug_frame   0x0000000000000310       0x3c ../proj_bsp/\libhal_bsp.a(alt_find_dev.o)
 .debug_frame   0x000000000000034c       0x20 ../proj_bsp/\libhal_bsp.a(alt_icache_flush_all.o)
 .debug_frame   0x000000000000036c       0x20 ../proj_bsp/\libhal_bsp.a(altera_nios2_qsys_irq.o)
 .debug_frame   0x000000000000038c       0x20 c:/intelfpga_lite/18.1/nios2eds/bin/gnu/h-x86_64-mingw32/bin/../lib/gcc/nios2-elf/5.3.0/../../../../../H-x86_64-mingw32/nios2-elf/lib/mno-hw-mul\libsmallc.a(lib_a-memcmp.o)
 .debug_frame   0x00000000000003ac       0x20 c:/intelfpga_lite/18.1/nios2eds/bin/gnu/h-x86_64-mingw32/bin/../lib/gcc/nios2-elf/5.3.0/../../../../../H-x86_64-mingw32/nios2-elf/lib/mno-hw-mul\libsmallc.a(lib_a-strlen.o)

.debug_str      0x0000000000000000      0xcd0
 *(.debug_str)
 .debug_str     0x0000000000000000      0x28a obj/default/hello_world_small.o
                                        0x2d9 (size before relaxing)
 .debug_str     0x000000000000028a      0x148 c:/intelfpga_lite/18.1/nios2eds/bin/gnu/h-x86_64-mingw32/bin/../lib/gcc/nios2-elf/5.3.0/mno-hw-mul\libgcc.a(lib2-mul.o)
                                        0x193 (size before relaxing)
 .debug_str     0x00000000000003d2      0x155 ../proj_bsp/\libhal_bsp.a(alt_load.o)
                                        0x23b (size before relaxing)
 .debug_str     0x0000000000000527       0x5e ../proj_bsp/\libhal_bsp.a(alt_main.o)
                                        0x1b4 (size before relaxing)
 .debug_str     0x0000000000000585       0x59 ../proj_bsp/\libhal_bsp.a(alt_printf.o)
                                        0x105 (size before relaxing)
 .debug_str     0x00000000000005de       0x60 ../proj_bsp/\libhal_bsp.a(alt_putchar.o)
                                        0x18c (size before relaxing)
 .debug_str     0x000000000000063e       0xa5 ../proj_bsp/\libhal_bsp.a(alt_sys_init.o)
                                        0x306 (size before relaxing)
 .debug_str     0x00000000000006e3       0x32 ../proj_bsp/\libhal_bsp.a(altera_avalon_jtag_uart_write.o)
                                        0x214 (size before relaxing)
 .debug_str     0x0000000000000715      0x160 ../proj_bsp/\libhal_bsp.a(altera_up_avalon_character_lcd.o)
                                        0x3fd (size before relaxing)
 .debug_str     0x0000000000000875       0x1f ../proj_bsp/\libhal_bsp.a(alt_dcache_flush_all.o)
                                        0x154 (size before relaxing)
 .debug_str     0x0000000000000894      0x12c ../proj_bsp/\libhal_bsp.a(alt_dev.o)
                                        0x304 (size before relaxing)
 .debug_str     0x00000000000009c0       0x4e ../proj_bsp/\libhal_bsp.a(alt_dev_llist_insert.o)
                                        0x1cb (size before relaxing)
 .debug_str     0x0000000000000a0e       0x14 ../proj_bsp/\libhal_bsp.a(alt_errno.o)
                                        0x144 (size before relaxing)
 .debug_str     0x0000000000000a22       0x25 ../proj_bsp/\libhal_bsp.a(alt_find_dev.o)
                                        0x1f9 (size before relaxing)
 .debug_str     0x0000000000000a47       0x1f ../proj_bsp/\libhal_bsp.a(alt_icache_flush_all.o)
                                        0x154 (size before relaxing)
 .debug_str     0x0000000000000a66       0x20 ../proj_bsp/\libhal_bsp.a(altera_nios2_qsys_irq.o)
                                        0x15b (size before relaxing)
 .debug_str     0x0000000000000a86      0x134 c:/intelfpga_lite/18.1/nios2eds/bin/gnu/h-x86_64-mingw32/bin/../lib/gcc/nios2-elf/5.3.0/../../../../../H-x86_64-mingw32/nios2-elf/lib/mno-hw-mul\libsmallc.a(lib_a-int_errno.o)
                                        0x1d8 (size before relaxing)
 .debug_str     0x0000000000000bba       0xd9 c:/intelfpga_lite/18.1/nios2eds/bin/gnu/h-x86_64-mingw32/bin/../lib/gcc/nios2-elf/5.3.0/../../../../../H-x86_64-mingw32/nios2-elf/lib/mno-hw-mul\libsmallc.a(lib_a-memcmp.o)
                                        0x1df (size before relaxing)
 .debug_str     0x0000000000000c93       0x3d c:/intelfpga_lite/18.1/nios2eds/bin/gnu/h-x86_64-mingw32/bin/../lib/gcc/nios2-elf/5.3.0/../../../../../H-x86_64-mingw32/nios2-elf/lib/mno-hw-mul\libsmallc.a(lib_a-strlen.o)
                                        0x1e5 (size before relaxing)

.debug_loc      0x0000000000000000     0x1007
 *(.debug_loc)
 .debug_loc     0x0000000000000000      0x73f obj/default/hello_world_small.o
 .debug_loc     0x000000000000073f       0x93 c:/intelfpga_lite/18.1/nios2eds/bin/gnu/h-x86_64-mingw32/bin/../lib/gcc/nios2-elf/5.3.0/mno-hw-mul\libgcc.a(lib2-mul.o)
 .debug_loc     0x00000000000007d2      0x1de ../proj_bsp/\libhal_bsp.a(alt_printf.o)
 .debug_loc     0x00000000000009b0       0x2c ../proj_bsp/\libhal_bsp.a(alt_putchar.o)
 .debug_loc     0x00000000000009dc       0x21 ../proj_bsp/\libhal_bsp.a(alt_sys_init.o)
 .debug_loc     0x00000000000009fd       0x8b ../proj_bsp/\libhal_bsp.a(altera_avalon_jtag_uart_write.o)
 .debug_loc     0x0000000000000a88      0x3d1 ../proj_bsp/\libhal_bsp.a(altera_up_avalon_character_lcd.o)
 .debug_loc     0x0000000000000e59       0x7e ../proj_bsp/\libhal_bsp.a(alt_dev_llist_insert.o)
 .debug_loc     0x0000000000000ed7       0x7e ../proj_bsp/\libhal_bsp.a(alt_find_dev.o)
 .debug_loc     0x0000000000000f55       0x94 c:/intelfpga_lite/18.1/nios2eds/bin/gnu/h-x86_64-mingw32/bin/../lib/gcc/nios2-elf/5.3.0/../../../../../H-x86_64-mingw32/nios2-elf/lib/mno-hw-mul\libsmallc.a(lib_a-memcmp.o)
 .debug_loc     0x0000000000000fe9       0x1e c:/intelfpga_lite/18.1/nios2eds/bin/gnu/h-x86_64-mingw32/bin/../lib/gcc/nios2-elf/5.3.0/../../../../../H-x86_64-mingw32/nios2-elf/lib/mno-hw-mul\libsmallc.a(lib_a-strlen.o)

.debug_macinfo
 *(.debug_macinfo)

.debug_weaknames
 *(.debug_weaknames)

.debug_funcnames
 *(.debug_funcnames)

.debug_typenames
 *(.debug_typenames)

.debug_varnames
 *(.debug_varnames)

.debug_alt_sim_info
                0x0000000000000000       0x10
 *(.debug_alt_sim_info)
 .debug_alt_sim_info
                0x0000000000000000       0x10 ../proj_bsp//obj/HAL/src/crt0.o
                0x0000000000007ffc                __alt_data_end = 0x7ffc
                0x0000000000007ffc                PROVIDE (__alt_stack_pointer, __alt_data_end)
                [!provide]                        PROVIDE (__alt_stack_limit, __alt_stack_base)
                [!provide]                        PROVIDE (__alt_heap_start, end)
                [!provide]                        PROVIDE (__alt_heap_limit, 0x7ffc)
OUTPUT(proj.elf elf32-littlenios2)

.debug_ranges   0x0000000000000000       0xf0
 .debug_ranges  0x0000000000000000       0x20 ../proj_bsp//obj/HAL/src/crt0.o
 .debug_ranges  0x0000000000000020       0x18 obj/default/hello_world_small.o
 .debug_ranges  0x0000000000000038       0x48 ../proj_bsp/\libhal_bsp.a(alt_load.o)
 .debug_ranges  0x0000000000000080       0x18 ../proj_bsp/\libhal_bsp.a(alt_printf.o)
 .debug_ranges  0x0000000000000098       0x18 ../proj_bsp/\libhal_bsp.a(alt_sys_init.o)
 .debug_ranges  0x00000000000000b0       0x20 ../proj_bsp/\libhal_bsp.a(alt_dev_llist_insert.o)
 .debug_ranges  0x00000000000000d0       0x10 c:/intelfpga_lite/18.1/nios2eds/bin/gnu/h-x86_64-mingw32/bin/../lib/gcc/nios2-elf/5.3.0/../../../../../H-x86_64-mingw32/nios2-elf/lib/mno-hw-mul\libsmallc.a(lib_a-memcmp.o)
 .debug_ranges  0x00000000000000e0       0x10 c:/intelfpga_lite/18.1/nios2eds/bin/gnu/h-x86_64-mingw32/bin/../lib/gcc/nios2-elf/5.3.0/../../../../../H-x86_64-mingw32/nios2-elf/lib/mno-hw-mul\libsmallc.a(lib_a-strlen.o)
