Archive member included to satisfy reference by file (symbol)

../proj_bsp/\libhal_bsp.a(alt_load.o)
                              ../proj_bsp//obj/HAL/src/crt0.o (alt_load)
../proj_bsp/\libhal_bsp.a(alt_main.o)
                              ../proj_bsp//obj/HAL/src/crt0.o (alt_main)
../proj_bsp/\libhal_bsp.a(alt_putstr.o)
                              obj/default/hello_world_small.o (alt_putstr)
../proj_bsp/\libhal_bsp.a(alt_sys_init.o)
                              ../proj_bsp/\libhal_bsp.a(alt_main.o) (alt_irq_init)
../proj_bsp/\libhal_bsp.a(altera_avalon_jtag_uart_write.o)
                              ../proj_bsp/\libhal_bsp.a(alt_putstr.o) (altera_avalon_jtag_uart_write)
../proj_bsp/\libhal_bsp.a(alt_dcache_flush_all.o)
                              ../proj_bsp/\libhal_bsp.a(alt_load.o) (alt_dcache_flush_all)
../proj_bsp/\libhal_bsp.a(alt_icache_flush_all.o)
                              ../proj_bsp/\libhal_bsp.a(alt_load.o) (alt_icache_flush_all)
../proj_bsp/\libhal_bsp.a(altera_nios2_qsys_irq.o)
                              ../proj_bsp/\libhal_bsp.a(alt_sys_init.o) (altera_nios2_qsys_irq_init)
c:/intelfpga_lite/18.1/nios2eds/bin/gnu/h-x86_64-mingw32/bin/../lib/gcc/nios2-elf/5.3.0/../../../../../H-x86_64-mingw32/nios2-elf/lib/mno-hw-mul\libsmallc.a(lib_a-strlen.o)
                              ../proj_bsp/\libhal_bsp.a(alt_putstr.o) (strlen)

Memory Configuration

Name             Origin             Length             Attributes
reset            0x0000000000004000 0x0000000000000020
onchip_memory2_0 0x0000000000004020 0x0000000000003fde
*default*        0x0000000000000000 0xffffffffffffffff

Linker script and memory map

LOAD ../proj_bsp//obj/HAL/src/crt0.o
LOAD obj/default/hello_world_small.o
LOAD c:/intelfpga_lite/18.1/nios2eds/bin/gnu/h-x86_64-mingw32/bin/../lib/gcc/nios2-elf/5.3.0/../../../../../H-x86_64-mingw32/nios2-elf/lib/mno-hw-mul\libstdc++.a
LOAD c:/intelfpga_lite/18.1/nios2eds/bin/gnu/h-x86_64-mingw32/bin/../lib/gcc/nios2-elf/5.3.0/../../../../../H-x86_64-mingw32/nios2-elf/lib/mno-hw-mul\libm.a
LOAD c:/intelfpga_lite/18.1/nios2eds/bin/gnu/h-x86_64-mingw32/bin/../lib/gcc/nios2-elf/5.3.0/mno-hw-mul\libgcc.a
START GROUP
LOAD c:/intelfpga_lite/18.1/nios2eds/bin/gnu/h-x86_64-mingw32/bin/../lib/gcc/nios2-elf/5.3.0/../../../../../H-x86_64-mingw32/nios2-elf/lib/mno-hw-mul\libsmallc.a
LOAD c:/intelfpga_lite/18.1/nios2eds/bin/gnu/h-x86_64-mingw32/bin/../lib/gcc/nios2-elf/5.3.0/mno-hw-mul\libgcc.a
LOAD ../proj_bsp/\libhal_bsp.a
LOAD c:/intelfpga_lite/18.1/nios2eds/bin/gnu/h-x86_64-mingw32/bin/../lib/gcc/nios2-elf/5.3.0/../../../../../H-x86_64-mingw32/nios2-elf/lib/mno-hw-mul\libm.a
END GROUP
LOAD c:/intelfpga_lite/18.1/nios2eds/bin/gnu/h-x86_64-mingw32/bin/../lib/gcc/nios2-elf/5.3.0/mno-hw-mul\libgcc.a
                0x0000000000004000                __alt_mem_onchip_memory2_0 = 0x4000

.entry          0x0000000000004000       0x20
 *(.entry)
 .entry         0x0000000000004000       0x20 ../proj_bsp//obj/HAL/src/crt0.o
                0x0000000000004000                __reset
                0x000000000000400c                _exit

.exceptions     0x0000000000004020        0x0
                0x0000000000004020                PROVIDE (__ram_exceptions_start, ABSOLUTE (.))
                0x0000000000004020                . = ALIGN (0x20)
 *(.irq)
 *(.exceptions.entry.label)
 *(.exceptions.entry.user)
 *(.exceptions.entry.ecc_fatal)
 *(.exceptions.entry)
 *(.exceptions.irqtest.user)
 *(.exceptions.irqtest)
 *(.exceptions.irqhandler.user)
 *(.exceptions.irqhandler)
 *(.exceptions.irqreturn.user)
 *(.exceptions.irqreturn)
 *(.exceptions.notirq.label)
 *(.exceptions.notirq.user)
 *(.exceptions.notirq)
 *(.exceptions.soft.user)
 *(.exceptions.soft)
 *(.exceptions.unknown.user)
 *(.exceptions.unknown)
 *(.exceptions.exit.label)
 *(.exceptions.exit.user)
 *(.exceptions.exit)
 *(.exceptions)
                0x0000000000004020                PROVIDE (__ram_exceptions_end, ABSOLUTE (.))
                0x0000000000004020                PROVIDE (__flash_exceptions_start, LOADADDR (.exceptions))

.text           0x0000000000004020      0x230
                [!provide]                        PROVIDE (stext, ABSOLUTE (.))
 *(.interp)
 *(.hash)
 *(.dynsym)
 *(.dynstr)
 *(.gnu.version)
 *(.gnu.version_d)
 *(.gnu.version_r)
 *(.rel.init)
 *(.rela.init)
 *(.rel.text .rel.text.* .rel.gnu.linkonce.t.*)
 *(.rela.text .rela.text.* .rela.gnu.linkonce.t.*)
 *(.rel.fini)
 *(.rela.fini)
 *(.rel.rodata .rel.rodata.* .rel.gnu.linkonce.r.*)
 *(.rela.rodata .rela.rodata.* .rela.gnu.linkonce.r.*)
 *(.rel.data .rel.data.* .rel.gnu.linkonce.d.*)
 *(.rela.data .rela.data.* .rela.gnu.linkonce.d.*)
 *(.rel.tdata .rel.tdata.* .rel.gnu.linkonce.td.*)
 *(.rela.tdata .rela.tdata.* .rela.gnu.linkonce.td.*)
 *(.rel.tbss .rel.tbss.* .rel.gnu.linkonce.tb.*)
 *(.rela.tbss .rela.tbss.* .rela.gnu.linkonce.tb.*)
 *(.rel.ctors)
 *(.rela.ctors)
 *(.rel.dtors)
 *(.rela.dtors)
 *(.rel.got)
 *(.rela.got)
 *(.rel.sdata .rel.sdata.* .rel.gnu.linkonce.s.*)
 *(.rela.sdata .rela.sdata.* .rela.gnu.linkonce.s.*)
 *(.rel.sbss .rel.sbss.* .rel.gnu.linkonce.sb.*)
 *(.rela.sbss .rela.sbss.* .rela.gnu.linkonce.sb.*)
 *(.rel.sdata2 .rel.sdata2.* .rel.gnu.linkonce.s2.*)
 *(.rela.sdata2 .rela.sdata2.* .rela.gnu.linkonce.s2.*)
 *(.rel.sbss2 .rel.sbss2.* .rel.gnu.linkonce.sb2.*)
 *(.rela.sbss2 .rela.sbss2.* .rela.gnu.linkonce.sb2.*)
 *(.rel.bss .rel.bss.* .rel.gnu.linkonce.b.*)
 *(.rela.bss .rela.bss.* .rela.gnu.linkonce.b.*)
 *(.rel.plt)
 *(.rela.plt)
 *(.rel.dyn)
 *(.init)
 *(.plt)
 *(.text .stub .text.* .gnu.linkonce.t.*)
 .text          0x0000000000004020       0x3c ../proj_bsp//obj/HAL/src/crt0.o
                0x0000000000004020                _start
 .text          0x000000000000405c        0x0 obj/default/hello_world_small.o
 .text.startup  0x000000000000405c       0x2c obj/default/hello_world_small.o
                0x000000000000405c                main
 .text          0x0000000000004088       0xe0 ../proj_bsp/\libhal_bsp.a(alt_load.o)
                0x0000000000004088                alt_load
 .text          0x0000000000004168       0x2c ../proj_bsp/\libhal_bsp.a(alt_main.o)
                0x0000000000004168                alt_main
 .text          0x0000000000004194       0x38 ../proj_bsp/\libhal_bsp.a(alt_putstr.o)
                0x0000000000004194                alt_putstr
 .text          0x00000000000041cc       0x24 ../proj_bsp/\libhal_bsp.a(alt_sys_init.o)
                0x00000000000041cc                alt_irq_init
                0x00000000000041ec                alt_sys_init
 .text          0x00000000000041f0       0x34 ../proj_bsp/\libhal_bsp.a(altera_avalon_jtag_uart_write.o)
                0x00000000000041f0                altera_avalon_jtag_uart_write
 .text          0x0000000000004224        0x4 ../proj_bsp/\libhal_bsp.a(alt_dcache_flush_all.o)
                0x0000000000004224                alt_dcache_flush_all
 .text          0x0000000000004228        0x4 ../proj_bsp/\libhal_bsp.a(alt_icache_flush_all.o)
                0x0000000000004228                alt_icache_flush_all
 .text          0x000000000000422c        0x8 ../proj_bsp/\libhal_bsp.a(altera_nios2_qsys_irq.o)
                0x000000000000422c                altera_nios2_qsys_irq_init
 .text          0x0000000000004234        0x0 c:/intelfpga_lite/18.1/nios2eds/bin/gnu/h-x86_64-mingw32/bin/../lib/gcc/nios2-elf/5.3.0/../../../../../H-x86_64-mingw32/nios2-elf/lib/mno-hw-mul\libsmallc.a(lib_a-strlen.o)
 .text.strlen   0x0000000000004234       0x1c c:/intelfpga_lite/18.1/nios2eds/bin/gnu/h-x86_64-mingw32/bin/../lib/gcc/nios2-elf/5.3.0/../../../../../H-x86_64-mingw32/nios2-elf/lib/mno-hw-mul\libsmallc.a(lib_a-strlen.o)
                0x0000000000004234                strlen
 *(.gnu.warning.*)
 *(.fini)
                [!provide]                        PROVIDE (__etext, ABSOLUTE (.))
                [!provide]                        PROVIDE (_etext, ABSOLUTE (.))
                [!provide]                        PROVIDE (etext, ABSOLUTE (.))
 *(.eh_frame_hdr)
                0x0000000000004250                . = ALIGN (0x4)
                [!provide]                        PROVIDE (__preinit_array_start, ABSOLUTE (.))
 *(.preinit_array)
                [!provide]                        PROVIDE (__preinit_array_end, ABSOLUTE (.))
                [!provide]                        PROVIDE (__init_array_start, ABSOLUTE (.))
 *(.init_array)
                [!provide]                        PROVIDE (__init_array_end, ABSOLUTE (.))
                [!provide]                        PROVIDE (__fini_array_start, ABSOLUTE (.))
 *(.fini_array)
                [!provide]                        PROVIDE (__fini_array_end, ABSOLUTE (.))
 *(.eh_frame)
 *(.gcc_except_table .gcc_except_table.*)
 *(.dynamic)
                [!provide]                        PROVIDE (__CTOR_LIST__, ABSOLUTE (.))
 *(.ctors)
 *(SORT(.ctors.*))
                [!provide]                        PROVIDE (__CTOR_END__, ABSOLUTE (.))
                [!provide]                        PROVIDE (__DTOR_LIST__, ABSOLUTE (.))
 *(.dtors)
 *(SORT(.dtors.*))
                [!provide]                        PROVIDE (__DTOR_END__, ABSOLUTE (.))
 *(.jcr)
                0x0000000000004250                . = ALIGN (0x4)

.rodata         0x0000000000004250       0x18
                0x0000000000004250                PROVIDE (__ram_rodata_start, ABSOLUTE (.))
                0x0000000000004250                . = ALIGN (0x4)
 *(.rodata .rodata.* .gnu.linkonce.r.*)
 .rodata.str1.4
                0x0000000000004250       0x18 obj/default/hello_world_small.o
                                         0x15 (size before relaxing)
 *(.rodata1)
                0x0000000000004268                . = ALIGN (0x4)
                0x0000000000004268                PROVIDE (__ram_rodata_end, ABSOLUTE (.))
                0x0000000000004250                PROVIDE (__flash_rodata_start, LOADADDR (.rodata))

.rwdata         0x0000000000004268        0x4 load address 0x000000000000426c
                0x0000000000004268                PROVIDE (__ram_rwdata_start, ABSOLUTE (.))
                0x0000000000004268                . = ALIGN (0x4)
 *(.got.plt)
 *(.got)
 *(.data1)
 *(.data .data.* .gnu.linkonce.d.*)
 .data          0x0000000000004268        0x0 ../proj_bsp//obj/HAL/src/crt0.o
 .data          0x0000000000004268        0x0 obj/default/hello_world_small.o
 .data          0x0000000000004268        0x0 ../proj_bsp/\libhal_bsp.a(alt_load.o)
 .data          0x0000000000004268        0x0 ../proj_bsp/\libhal_bsp.a(alt_main.o)
 .data          0x0000000000004268        0x0 ../proj_bsp/\libhal_bsp.a(alt_putstr.o)
 .data          0x0000000000004268        0x0 ../proj_bsp/\libhal_bsp.a(alt_sys_init.o)
 .data          0x0000000000004268        0x0 ../proj_bsp/\libhal_bsp.a(altera_avalon_jtag_uart_write.o)
 .data          0x0000000000004268        0x0 ../proj_bsp/\libhal_bsp.a(alt_dcache_flush_all.o)
 .data          0x0000000000004268        0x0 ../proj_bsp/\libhal_bsp.a(alt_icache_flush_all.o)
 .data          0x0000000000004268        0x0 ../proj_bsp/\libhal_bsp.a(altera_nios2_qsys_irq.o)
 .data          0x0000000000004268        0x0 c:/intelfpga_lite/18.1/nios2eds/bin/gnu/h-x86_64-mingw32/bin/../lib/gcc/nios2-elf/5.3.0/../../../../../H-x86_64-mingw32/nios2-elf/lib/mno-hw-mul\libsmallc.a(lib_a-strlen.o)
                0x000000000000c268                _gp = ABSOLUTE ((. + 0x8000))
                [!provide]                        PROVIDE (gp, _gp)
 *(.rwdata .rwdata.*)
 *(.sdata .sdata.* .gnu.linkonce.s.*)
 .sdata         0x0000000000004268        0x4 ../proj_bsp/\libhal_bsp.a(alt_sys_init.o)
                0x0000000000004268                jtag_uart_0
 *(.sdata2 .sdata2.* .gnu.linkonce.s2.*)
                0x000000000000426c                . = ALIGN (0x4)
                0x000000000000426c                _edata = ABSOLUTE (.)
                [!provide]                        PROVIDE (edata, ABSOLUTE (.))
                0x000000000000426c                PROVIDE (__ram_rwdata_end, ABSOLUTE (.))
                0x000000000000426c                PROVIDE (__flash_rwdata_start, LOADADDR (.rwdata))

.bss            0x0000000000004270        0xc
                0x0000000000004270                __bss_start = ABSOLUTE (.)
                [!provide]                        PROVIDE (__sbss_start, ABSOLUTE (.))
                [!provide]                        PROVIDE (___sbss_start, ABSOLUTE (.))
 *(.dynsbss)
 *(.sbss .sbss.* .gnu.linkonce.sb.*)
 .sbss          0x0000000000004270        0xc ../proj_bsp/\libhal_bsp.a(alt_main.o)
                0x0000000000004270                alt_envp
                0x0000000000004274                alt_argv
                0x0000000000004278                alt_argc
 *(.sbss2 .sbss2.* .gnu.linkonce.sb2.*)
 *(.scommon)
                [!provide]                        PROVIDE (__sbss_end, ABSOLUTE (.))
                [!provide]                        PROVIDE (___sbss_end, ABSOLUTE (.))
 *(.dynbss)
 *(.bss .bss.* .gnu.linkonce.b.*)
 .bss           0x000000000000427c        0x0 ../proj_bsp//obj/HAL/src/crt0.o
 .bss           0x000000000000427c        0x0 obj/default/hello_world_small.o
 .bss           0x000000000000427c        0x0 ../proj_bsp/\libhal_bsp.a(alt_load.o)
 .bss           0x000000000000427c        0x0 ../proj_bsp/\libhal_bsp.a(alt_main.o)
 .bss           0x000000000000427c        0x0 ../proj_bsp/\libhal_bsp.a(alt_putstr.o)
 .bss           0x000000000000427c        0x0 ../proj_bsp/\libhal_bsp.a(alt_sys_init.o)
 .bss           0x000000000000427c        0x0 ../proj_bsp/\libhal_bsp.a(altera_avalon_jtag_uart_write.o)
 .bss           0x000000000000427c        0x0 ../proj_bsp/\libhal_bsp.a(alt_dcache_flush_all.o)
 .bss           0x000000000000427c        0x0 ../proj_bsp/\libhal_bsp.a(alt_icache_flush_all.o)
 .bss           0x000000000000427c        0x0 ../proj_bsp/\libhal_bsp.a(altera_nios2_qsys_irq.o)
 .bss           0x000000000000427c        0x0 c:/intelfpga_lite/18.1/nios2eds/bin/gnu/h-x86_64-mingw32/bin/../lib/gcc/nios2-elf/5.3.0/../../../../../H-x86_64-mingw32/nios2-elf/lib/mno-hw-mul\libsmallc.a(lib_a-strlen.o)
 *(COMMON)
                0x000000000000427c                . = ALIGN (0x4)
                0x000000000000427c                __bss_end = ABSOLUTE (.)

.onchip_memory2_0
                0x000000000000427c        0x0
                [!provide]                        PROVIDE (_alt_partition_onchip_memory2_0_start, ABSOLUTE (.))
 *(.onchip_memory2_0 .onchip_memory2_0. onchip_memory2_0.*)
                0x000000000000427c                . = ALIGN (0x4)
                [!provide]                        PROVIDE (_alt_partition_onchip_memory2_0_end, ABSOLUTE (.))
                0x000000000000427c                _end = ABSOLUTE (.)
                0x000000000000427c                end = ABSOLUTE (.)
                0x000000000000427c                __alt_stack_base = ABSOLUTE (.)
                [!provide]                        PROVIDE (_alt_partition_onchip_memory2_0_load_addr, LOADADDR (.onchip_memory2_0))

.stab
 *(.stab)

.stabstr
 *(.stabstr)

.stab.excl
 *(.stab.excl)

.stab.exclstr
 *(.stab.exclstr)

.stab.index
 *(.stab.index)

.stab.indexstr
 *(.stab.indexstr)

.comment        0x0000000000000000       0x23
 *(.comment)
 .comment       0x0000000000000000       0x23 obj/default/hello_world_small.o
                                         0x24 (size before relaxing)
 .comment       0x0000000000000023       0x24 ../proj_bsp/\libhal_bsp.a(alt_load.o)
 .comment       0x0000000000000023       0x24 ../proj_bsp/\libhal_bsp.a(alt_main.o)
 .comment       0x0000000000000023       0x24 ../proj_bsp/\libhal_bsp.a(alt_putstr.o)
 .comment       0x0000000000000023       0x24 ../proj_bsp/\libhal_bsp.a(alt_sys_init.o)
 .comment       0x0000000000000023       0x24 ../proj_bsp/\libhal_bsp.a(altera_avalon_jtag_uart_write.o)
 .comment       0x0000000000000023       0x24 ../proj_bsp/\libhal_bsp.a(alt_dcache_flush_all.o)
 .comment       0x0000000000000023       0x24 ../proj_bsp/\libhal_bsp.a(alt_icache_flush_all.o)
 .comment       0x0000000000000023       0x24 ../proj_bsp/\libhal_bsp.a(altera_nios2_qsys_irq.o)
 .comment       0x0000000000000023       0x24 c:/intelfpga_lite/18.1/nios2eds/bin/gnu/h-x86_64-mingw32/bin/../lib/gcc/nios2-elf/5.3.0/../../../../../H-x86_64-mingw32/nios2-elf/lib/mno-hw-mul\libsmallc.a(lib_a-strlen.o)

.debug
 *(.debug)

.line
 *(.line)

.debug_srcinfo
 *(.debug_srcinfo)

.debug_sfnames
 *(.debug_sfnames)

.debug_aranges  0x0000000000000000      0x168
 *(.debug_aranges)
 .debug_aranges
                0x0000000000000000       0x28 ../proj_bsp//obj/HAL/src/crt0.o
 .debug_aranges
                0x0000000000000028       0x20 obj/default/hello_world_small.o
 .debug_aranges
                0x0000000000000048       0x20 ../proj_bsp/\libhal_bsp.a(alt_load.o)
 .debug_aranges
                0x0000000000000068       0x20 ../proj_bsp/\libhal_bsp.a(alt_main.o)
 .debug_aranges
                0x0000000000000088       0x20 ../proj_bsp/\libhal_bsp.a(alt_putstr.o)
 .debug_aranges
                0x00000000000000a8       0x20 ../proj_bsp/\libhal_bsp.a(alt_sys_init.o)
 .debug_aranges
                0x00000000000000c8       0x20 ../proj_bsp/\libhal_bsp.a(altera_avalon_jtag_uart_write.o)
 .debug_aranges
                0x00000000000000e8       0x20 ../proj_bsp/\libhal_bsp.a(alt_dcache_flush_all.o)
 .debug_aranges
                0x0000000000000108       0x20 ../proj_bsp/\libhal_bsp.a(alt_icache_flush_all.o)
 .debug_aranges
                0x0000000000000128       0x20 ../proj_bsp/\libhal_bsp.a(altera_nios2_qsys_irq.o)
 .debug_aranges
                0x0000000000000148       0x20 c:/intelfpga_lite/18.1/nios2eds/bin/gnu/h-x86_64-mingw32/bin/../lib/gcc/nios2-elf/5.3.0/../../../../../H-x86_64-mingw32/nios2-elf/lib/mno-hw-mul\libsmallc.a(lib_a-strlen.o)

.debug_pubnames
 *(.debug_pubnames)

.debug_info     0x0000000000000000      0xb19
 *(.debug_info .gnu.linkonce.wi.*)
 .debug_info    0x0000000000000000       0x5b ../proj_bsp//obj/HAL/src/crt0.o
 .debug_info    0x000000000000005b       0xb7 obj/default/hello_world_small.o
 .debug_info    0x0000000000000112      0x1c9 ../proj_bsp/\libhal_bsp.a(alt_load.o)
 .debug_info    0x00000000000002db      0x169 ../proj_bsp/\libhal_bsp.a(alt_main.o)
 .debug_info    0x0000000000000444      0x13a ../proj_bsp/\libhal_bsp.a(alt_putstr.o)
 .debug_info    0x000000000000057e      0x185 ../proj_bsp/\libhal_bsp.a(alt_sys_init.o)
 .debug_info    0x0000000000000703      0x197 ../proj_bsp/\libhal_bsp.a(altera_avalon_jtag_uart_write.o)
 .debug_info    0x000000000000089a       0x92 ../proj_bsp/\libhal_bsp.a(alt_dcache_flush_all.o)
 .debug_info    0x000000000000092c       0x92 ../proj_bsp/\libhal_bsp.a(alt_icache_flush_all.o)
 .debug_info    0x00000000000009be       0x92 ../proj_bsp/\libhal_bsp.a(altera_nios2_qsys_irq.o)
 .debug_info    0x0000000000000a50       0xc9 c:/intelfpga_lite/18.1/nios2eds/bin/gnu/h-x86_64-mingw32/bin/../lib/gcc/nios2-elf/5.3.0/../../../../../H-x86_64-mingw32/nios2-elf/lib/mno-hw-mul\libsmallc.a(lib_a-strlen.o)

.debug_abbrev   0x0000000000000000      0x657
 *(.debug_abbrev)
 .debug_abbrev  0x0000000000000000       0x12 ../proj_bsp//obj/HAL/src/crt0.o
 .debug_abbrev  0x0000000000000012       0x8b obj/default/hello_world_small.o
 .debug_abbrev  0x000000000000009d       0xd8 ../proj_bsp/\libhal_bsp.a(alt_load.o)
 .debug_abbrev  0x0000000000000175       0xee ../proj_bsp/\libhal_bsp.a(alt_main.o)
 .debug_abbrev  0x0000000000000263       0xd3 ../proj_bsp/\libhal_bsp.a(alt_putstr.o)
 .debug_abbrev  0x0000000000000336      0x107 ../proj_bsp/\libhal_bsp.a(alt_sys_init.o)
 .debug_abbrev  0x000000000000043d       0xd5 ../proj_bsp/\libhal_bsp.a(altera_avalon_jtag_uart_write.o)
 .debug_abbrev  0x0000000000000512       0x42 ../proj_bsp/\libhal_bsp.a(alt_dcache_flush_all.o)
 .debug_abbrev  0x0000000000000554       0x42 ../proj_bsp/\libhal_bsp.a(alt_icache_flush_all.o)
 .debug_abbrev  0x0000000000000596       0x42 ../proj_bsp/\libhal_bsp.a(altera_nios2_qsys_irq.o)
 .debug_abbrev  0x00000000000005d8       0x7f c:/intelfpga_lite/18.1/nios2eds/bin/gnu/h-x86_64-mingw32/bin/../lib/gcc/nios2-elf/5.3.0/../../../../../H-x86_64-mingw32/nios2-elf/lib/mno-hw-mul\libsmallc.a(lib_a-strlen.o)

.debug_line     0x0000000000000000      0x741
 *(.debug_line)
 .debug_line    0x0000000000000000       0x66 ../proj_bsp//obj/HAL/src/crt0.o
 .debug_line    0x0000000000000066       0xa1 obj/default/hello_world_small.o
 .debug_line    0x0000000000000107       0xa4 ../proj_bsp/\libhal_bsp.a(alt_load.o)
 .debug_line    0x00000000000001ab       0xbd ../proj_bsp/\libhal_bsp.a(alt_main.o)
 .debug_line    0x0000000000000268       0xa0 ../proj_bsp/\libhal_bsp.a(alt_putstr.o)
 .debug_line    0x0000000000000308      0x101 ../proj_bsp/\libhal_bsp.a(alt_sys_init.o)
 .debug_line    0x0000000000000409       0xf0 ../proj_bsp/\libhal_bsp.a(altera_avalon_jtag_uart_write.o)
 .debug_line    0x00000000000004f9       0x4e ../proj_bsp/\libhal_bsp.a(alt_dcache_flush_all.o)
 .debug_line    0x0000000000000547       0x4e ../proj_bsp/\libhal_bsp.a(alt_icache_flush_all.o)
 .debug_line    0x0000000000000595       0x50 ../proj_bsp/\libhal_bsp.a(altera_nios2_qsys_irq.o)
 .debug_line    0x00000000000005e5      0x15c c:/intelfpga_lite/18.1/nios2eds/bin/gnu/h-x86_64-mingw32/bin/../lib/gcc/nios2-elf/5.3.0/../../../../../H-x86_64-mingw32/nios2-elf/lib/mno-hw-mul\libsmallc.a(lib_a-strlen.o)

.debug_frame    0x0000000000000000      0x190
 *(.debug_frame)
 .debug_frame   0x0000000000000000       0x28 obj/default/hello_world_small.o
 .debug_frame   0x0000000000000028       0x30 ../proj_bsp/\libhal_bsp.a(alt_load.o)
 .debug_frame   0x0000000000000058       0x2c ../proj_bsp/\libhal_bsp.a(alt_main.o)
 .debug_frame   0x0000000000000084       0x30 ../proj_bsp/\libhal_bsp.a(alt_putstr.o)
 .debug_frame   0x00000000000000b4       0x3c ../proj_bsp/\libhal_bsp.a(alt_sys_init.o)
 .debug_frame   0x00000000000000f0       0x20 ../proj_bsp/\libhal_bsp.a(altera_avalon_jtag_uart_write.o)
 .debug_frame   0x0000000000000110       0x20 ../proj_bsp/\libhal_bsp.a(alt_dcache_flush_all.o)
 .debug_frame   0x0000000000000130       0x20 ../proj_bsp/\libhal_bsp.a(alt_icache_flush_all.o)
 .debug_frame   0x0000000000000150       0x20 ../proj_bsp/\libhal_bsp.a(altera_nios2_qsys_irq.o)
 .debug_frame   0x0000000000000170       0x20 c:/intelfpga_lite/18.1/nios2eds/bin/gnu/h-x86_64-mingw32/bin/../lib/gcc/nios2-elf/5.3.0/../../../../../H-x86_64-mingw32/nios2-elf/lib/mno-hw-mul\libsmallc.a(lib_a-strlen.o)

.debug_str      0x0000000000000000      0x58c
 *(.debug_str)
 .debug_str     0x0000000000000000       0xea obj/default/hello_world_small.o
                                        0x116 (size before relaxing)
 .debug_str     0x00000000000000ea      0x157 ../proj_bsp/\libhal_bsp.a(alt_load.o)
                                        0x229 (size before relaxing)
 .debug_str     0x0000000000000241       0x8f ../proj_bsp/\libhal_bsp.a(alt_main.o)
                                        0x1a2 (size before relaxing)
 .debug_str     0x00000000000002d0       0x66 ../proj_bsp/\libhal_bsp.a(alt_putstr.o)
                                        0x17f (size before relaxing)
 .debug_str     0x0000000000000336       0x86 ../proj_bsp/\libhal_bsp.a(alt_sys_init.o)
                                        0x213 (size before relaxing)
 .debug_str     0x00000000000003bc       0x38 ../proj_bsp/\libhal_bsp.a(altera_avalon_jtag_uart_write.o)
                                        0x202 (size before relaxing)
 .debug_str     0x00000000000003f4       0x1f ../proj_bsp/\libhal_bsp.a(alt_dcache_flush_all.o)
                                        0x142 (size before relaxing)
 .debug_str     0x0000000000000413       0x1f ../proj_bsp/\libhal_bsp.a(alt_icache_flush_all.o)
                                        0x142 (size before relaxing)
 .debug_str     0x0000000000000432       0x20 ../proj_bsp/\libhal_bsp.a(altera_nios2_qsys_irq.o)
                                        0x149 (size before relaxing)
 .debug_str     0x0000000000000452      0x13a c:/intelfpga_lite/18.1/nios2eds/bin/gnu/h-x86_64-mingw32/bin/../lib/gcc/nios2-elf/5.3.0/../../../../../H-x86_64-mingw32/nios2-elf/lib/mno-hw-mul\libsmallc.a(lib_a-strlen.o)
                                        0x1e5 (size before relaxing)

.debug_loc      0x0000000000000000      0x114
 *(.debug_loc)
 .debug_loc     0x0000000000000000       0x13 obj/default/hello_world_small.o
 .debug_loc     0x0000000000000013       0x37 ../proj_bsp/\libhal_bsp.a(alt_putstr.o)
 .debug_loc     0x000000000000004a       0x21 ../proj_bsp/\libhal_bsp.a(alt_sys_init.o)
 .debug_loc     0x000000000000006b       0x8b ../proj_bsp/\libhal_bsp.a(altera_avalon_jtag_uart_write.o)
 .debug_loc     0x00000000000000f6       0x1e c:/intelfpga_lite/18.1/nios2eds/bin/gnu/h-x86_64-mingw32/bin/../lib/gcc/nios2-elf/5.3.0/../../../../../H-x86_64-mingw32/nios2-elf/lib/mno-hw-mul\libsmallc.a(lib_a-strlen.o)

.debug_macinfo
 *(.debug_macinfo)

.debug_weaknames
 *(.debug_weaknames)

.debug_funcnames
 *(.debug_funcnames)

.debug_typenames
 *(.debug_typenames)

.debug_varnames
 *(.debug_varnames)

.debug_alt_sim_info
                0x0000000000000000       0x10
 *(.debug_alt_sim_info)
 .debug_alt_sim_info
                0x0000000000000000       0x10 ../proj_bsp//obj/HAL/src/crt0.o
                0x0000000000007ffc                __alt_data_end = 0x7ffc
                0x0000000000007ffc                PROVIDE (__alt_stack_pointer, __alt_data_end)
                [!provide]                        PROVIDE (__alt_stack_limit, __alt_stack_base)
                [!provide]                        PROVIDE (__alt_heap_start, end)
                [!provide]                        PROVIDE (__alt_heap_limit, 0x7ffc)
OUTPUT(proj.elf elf32-littlenios2)

.debug_ranges   0x0000000000000000       0x88
 .debug_ranges  0x0000000000000000       0x20 ../proj_bsp//obj/HAL/src/crt0.o
 .debug_ranges  0x0000000000000020       0x10 obj/default/hello_world_small.o
 .debug_ranges  0x0000000000000030       0x48 ../proj_bsp/\libhal_bsp.a(alt_load.o)
 .debug_ranges  0x0000000000000078       0x10 c:/intelfpga_lite/18.1/nios2eds/bin/gnu/h-x86_64-mingw32/bin/../lib/gcc/nios2-elf/5.3.0/../../../../../H-x86_64-mingw32/nios2-elf/lib/mno-hw-mul\libsmallc.a(lib_a-strlen.o)
