Archive member included to satisfy reference by file (symbol)

c:/intelfpga_lite/18.1/nios2eds/bin/gnu/h-x86_64-mingw32/bin/../lib/gcc/nios2-elf/5.3.0/mno-hw-mul\libgcc.a(lib2-mul.o)
                              obj/default/hello_world_small.o (__mulsi3)
../projeto_bsp/\libhal_bsp.a(alt_load.o)
                              ../projeto_bsp//obj/HAL/src/crt0.o (alt_load)
../projeto_bsp/\libhal_bsp.a(alt_main.o)
                              ../projeto_bsp//obj/HAL/src/crt0.o (alt_main)
../projeto_bsp/\libhal_bsp.a(alt_printf.o)
                              obj/default/hello_world_small.o (alt_printf)
../projeto_bsp/\libhal_bsp.a(alt_putchar.o)
                              ../projeto_bsp/\libhal_bsp.a(alt_printf.o) (alt_putchar)
../projeto_bsp/\libhal_bsp.a(alt_sys_init.o)
                              ../projeto_bsp/\libhal_bsp.a(alt_main.o) (alt_irq_init)
../projeto_bsp/\libhal_bsp.a(altera_avalon_jtag_uart_write.o)
                              ../projeto_bsp/\libhal_bsp.a(alt_putchar.o) (altera_avalon_jtag_uart_write)
../projeto_bsp/\libhal_bsp.a(altera_up_avalon_character_lcd.o)
                              obj/default/hello_world_small.o (alt_up_character_lcd_init)
../projeto_bsp/\libhal_bsp.a(alt_dcache_flush_all.o)
                              ../projeto_bsp/\libhal_bsp.a(alt_load.o) (alt_dcache_flush_all)
../projeto_bsp/\libhal_bsp.a(alt_dev.o)
                              ../projeto_bsp/\libhal_bsp.a(alt_sys_init.o) (alt_dev_list)
../projeto_bsp/\libhal_bsp.a(alt_dev_llist_insert.o)
                              ../projeto_bsp/\libhal_bsp.a(alt_sys_init.o) (alt_dev_llist_insert)
../projeto_bsp/\libhal_bsp.a(alt_errno.o)
                              ../projeto_bsp/\libhal_bsp.a(alt_dev_llist_insert.o) (alt_errno)
../projeto_bsp/\libhal_bsp.a(alt_find_dev.o)
                              ../projeto_bsp/\libhal_bsp.a(altera_up_avalon_character_lcd.o) (alt_find_dev)
../projeto_bsp/\libhal_bsp.a(alt_icache_flush_all.o)
                              ../projeto_bsp/\libhal_bsp.a(alt_load.o) (alt_icache_flush_all)
../projeto_bsp/\libhal_bsp.a(altera_nios2_qsys_irq.o)
                              ../projeto_bsp/\libhal_bsp.a(alt_sys_init.o) (altera_nios2_qsys_irq_init)
c:/intelfpga_lite/18.1/nios2eds/bin/gnu/h-x86_64-mingw32/bin/../lib/gcc/nios2-elf/5.3.0/../../../../../H-x86_64-mingw32/nios2-elf/lib/mno-hw-mul\libsmallc.a(lib_a-int_errno.o)
                              ../projeto_bsp/\libhal_bsp.a(alt_dev_llist_insert.o) (errno)
c:/intelfpga_lite/18.1/nios2eds/bin/gnu/h-x86_64-mingw32/bin/../lib/gcc/nios2-elf/5.3.0/../../../../../H-x86_64-mingw32/nios2-elf/lib/mno-hw-mul\libsmallc.a(lib_a-memcmp.o)
                              ../projeto_bsp/\libhal_bsp.a(alt_find_dev.o) (memcmp)
c:/intelfpga_lite/18.1/nios2eds/bin/gnu/h-x86_64-mingw32/bin/../lib/gcc/nios2-elf/5.3.0/../../../../../H-x86_64-mingw32/nios2-elf/lib/mno-hw-mul\libsmallc.a(lib_a-strlen.o)
                              ../projeto_bsp/\libhal_bsp.a(alt_find_dev.o) (strlen)

Allocating common symbols
Common symbol       size              file

errno               0x4               c:/intelfpga_lite/18.1/nios2eds/bin/gnu/h-x86_64-mingw32/bin/../lib/gcc/nios2-elf/5.3.0/../../../../../H-x86_64-mingw32/nios2-elf/lib/mno-hw-mul\libsmallc.a(lib_a-int_errno.o)

Memory Configuration

Name             Origin             Length             Attributes
reset            0x0000000000004000 0x0000000000000020
onchip_memory2_0 0x0000000000004020 0x0000000000003fde
*default*        0x0000000000000000 0xffffffffffffffff

Linker script and memory map

LOAD ../projeto_bsp//obj/HAL/src/crt0.o
LOAD obj/default/hello_world_small.o
LOAD c:/intelfpga_lite/18.1/nios2eds/bin/gnu/h-x86_64-mingw32/bin/../lib/gcc/nios2-elf/5.3.0/../../../../../H-x86_64-mingw32/nios2-elf/lib/mno-hw-mul\libstdc++.a
LOAD c:/intelfpga_lite/18.1/nios2eds/bin/gnu/h-x86_64-mingw32/bin/../lib/gcc/nios2-elf/5.3.0/../../../../../H-x86_64-mingw32/nios2-elf/lib/mno-hw-mul\libm.a
LOAD c:/intelfpga_lite/18.1/nios2eds/bin/gnu/h-x86_64-mingw32/bin/../lib/gcc/nios2-elf/5.3.0/mno-hw-mul\libgcc.a
START GROUP
LOAD c:/intelfpga_lite/18.1/nios2eds/bin/gnu/h-x86_64-mingw32/bin/../lib/gcc/nios2-elf/5.3.0/../../../../../H-x86_64-mingw32/nios2-elf/lib/mno-hw-mul\libsmallc.a
LOAD c:/intelfpga_lite/18.1/nios2eds/bin/gnu/h-x86_64-mingw32/bin/../lib/gcc/nios2-elf/5.3.0/mno-hw-mul\libgcc.a
LOAD ../projeto_bsp/\libhal_bsp.a
LOAD c:/intelfpga_lite/18.1/nios2eds/bin/gnu/h-x86_64-mingw32/bin/../lib/gcc/nios2-elf/5.3.0/../../../../../H-x86_64-mingw32/nios2-elf/lib/mno-hw-mul\libm.a
END GROUP
LOAD c:/intelfpga_lite/18.1/nios2eds/bin/gnu/h-x86_64-mingw32/bin/../lib/gcc/nios2-elf/5.3.0/mno-hw-mul\libgcc.a
                0x0000000000004000                __alt_mem_onchip_memory2_0 = 0x4000

.entry          0x0000000000004000       0x20
 *(.entry)
 .entry         0x0000000000004000       0x20 ../projeto_bsp//obj/HAL/src/crt0.o
                0x0000000000004000                __reset
                0x000000000000400c                _exit

.exceptions     0x0000000000004020        0x0
                0x0000000000004020                PROVIDE (__ram_exceptions_start, ABSOLUTE (.))
                0x0000000000004020                . = ALIGN (0x20)
 *(.irq)
 *(.exceptions.entry.label)
 *(.exceptions.entry.user)
 *(.exceptions.entry.ecc_fatal)
 *(.exceptions.entry)
 *(.exceptions.irqtest.user)
 *(.exceptions.irqtest)
 *(.exceptions.irqhandler.user)
 *(.exceptions.irqhandler)
 *(.exceptions.irqreturn.user)
 *(.exceptions.irqreturn)
 *(.exceptions.notirq.label)
 *(.exceptions.notirq.user)
 *(.exceptions.notirq)
 *(.exceptions.soft.user)
 *(.exceptions.soft)
 *(.exceptions.unknown.user)
 *(.exceptions.unknown)
 *(.exceptions.exit.label)
 *(.exceptions.exit.user)
 *(.exceptions.exit)
 *(.exceptions)
                0x0000000000004020                PROVIDE (__ram_exceptions_end, ABSOLUTE (.))
                0x0000000000004020                PROVIDE (__flash_exceptions_start, LOADADDR (.exceptions))

.text           0x0000000000004020      0x9e8
                [!provide]                        PROVIDE (stext, ABSOLUTE (.))
 *(.interp)
 *(.hash)
 *(.dynsym)
 *(.dynstr)
 *(.gnu.version)
 *(.gnu.version_d)
 *(.gnu.version_r)
 *(.rel.init)
 *(.rela.init)
 *(.rel.text .rel.text.* .rel.gnu.linkonce.t.*)
 *(.rela.text .rela.text.* .rela.gnu.linkonce.t.*)
 *(.rel.fini)
 *(.rela.fini)
 *(.rel.rodata .rel.rodata.* .rel.gnu.linkonce.r.*)
 *(.rela.rodata .rela.rodata.* .rela.gnu.linkonce.r.*)
 *(.rel.data .rel.data.* .rel.gnu.linkonce.d.*)
 *(.rela.data .rela.data.* .rela.gnu.linkonce.d.*)
 *(.rel.tdata .rel.tdata.* .rel.gnu.linkonce.td.*)
 *(.rela.tdata .rela.tdata.* .rela.gnu.linkonce.td.*)
 *(.rel.tbss .rel.tbss.* .rel.gnu.linkonce.tb.*)
 *(.rela.tbss .rela.tbss.* .rela.gnu.linkonce.tb.*)
 *(.rel.ctors)
 *(.rela.ctors)
 *(.rel.dtors)
 *(.rela.dtors)
 *(.rel.got)
 *(.rela.got)
 *(.rel.sdata .rel.sdata.* .rel.gnu.linkonce.s.*)
 *(.rela.sdata .rela.sdata.* .rela.gnu.linkonce.s.*)
 *(.rel.sbss .rel.sbss.* .rel.gnu.linkonce.sb.*)
 *(.rela.sbss .rela.sbss.* .rela.gnu.linkonce.sb.*)
 *(.rel.sdata2 .rel.sdata2.* .rel.gnu.linkonce.s2.*)
 *(.rela.sdata2 .rela.sdata2.* .rela.gnu.linkonce.s2.*)
 *(.rel.sbss2 .rel.sbss2.* .rel.gnu.linkonce.sb2.*)
 *(.rela.sbss2 .rela.sbss2.* .rela.gnu.linkonce.sb2.*)
 *(.rel.bss .rel.bss.* .rel.gnu.linkonce.b.*)
 *(.rela.bss .rela.bss.* .rela.gnu.linkonce.b.*)
 *(.rel.plt)
 *(.rela.plt)
 *(.rel.dyn)
 *(.init)
 *(.plt)
 *(.text .stub .text.* .gnu.linkonce.t.*)
 .text          0x0000000000004020       0x3c ../projeto_bsp//obj/HAL/src/crt0.o
                0x0000000000004020                _start
 .text          0x000000000000405c       0xac obj/default/hello_world_small.o
                0x000000000000405c                delay
                0x0000000000004094                write
 .text.startup  0x0000000000004108      0x29c obj/default/hello_world_small.o
                0x0000000000004108                main
 .text          0x00000000000043a4       0x28 c:/intelfpga_lite/18.1/nios2eds/bin/gnu/h-x86_64-mingw32/bin/../lib/gcc/nios2-elf/5.3.0/mno-hw-mul\libgcc.a(lib2-mul.o)
                0x00000000000043a4                __mulsi3
 .text          0x00000000000043cc       0xe0 ../projeto_bsp/\libhal_bsp.a(alt_load.o)
                0x00000000000043cc                alt_load
 .text          0x00000000000044ac       0x2c ../projeto_bsp/\libhal_bsp.a(alt_main.o)
                0x00000000000044ac                alt_main
 .text          0x00000000000044d8      0x170 ../projeto_bsp/\libhal_bsp.a(alt_printf.o)
                0x00000000000044d8                alt_printf
 .text          0x0000000000004648       0x48 ../projeto_bsp/\libhal_bsp.a(alt_putchar.o)
                0x0000000000004648                alt_putchar
 .text          0x0000000000004690       0x54 ../projeto_bsp/\libhal_bsp.a(alt_sys_init.o)
                0x0000000000004690                alt_irq_init
                0x00000000000046b0                alt_sys_init
 .text          0x00000000000046e4       0x34 ../projeto_bsp/\libhal_bsp.a(altera_avalon_jtag_uart_write.o)
                0x00000000000046e4                altera_avalon_jtag_uart_write
 .text          0x0000000000004718      0x1ac ../projeto_bsp/\libhal_bsp.a(altera_up_avalon_character_lcd.o)
                0x0000000000004718                get_DDRAM_addr
                0x000000000000472c                alt_up_character_lcd_send_cmd
                0x0000000000004738                alt_up_character_lcd_init
                0x0000000000004748                alt_up_character_lcd_open_dev
                0x0000000000004750                alt_up_character_lcd_write
                0x0000000000004770                alt_up_character_lcd_string
                0x0000000000004798                alt_up_character_lcd_write_fd
                0x00000000000047b8                alt_up_character_lcd_set_cursor_pos
                0x00000000000047f0                alt_up_character_lcd_shift_cursor
                0x0000000000004828                alt_up_character_lcd_shift_display
                0x0000000000004860                alt_up_character_lcd_erase_pos
                0x00000000000048a4                alt_up_character_lcd_cursor_off
                0x00000000000048b4                alt_up_character_lcd_cursor_blink_on
 .text          0x00000000000048c4        0x4 ../projeto_bsp/\libhal_bsp.a(alt_dcache_flush_all.o)
                0x00000000000048c4                alt_dcache_flush_all
 .text          0x00000000000048c8        0x8 ../projeto_bsp/\libhal_bsp.a(alt_dev.o)
 .text          0x00000000000048d0       0x6c ../projeto_bsp/\libhal_bsp.a(alt_dev_llist_insert.o)
                0x00000000000048d0                alt_dev_llist_insert
 .text          0x000000000000493c        0x0 ../projeto_bsp/\libhal_bsp.a(alt_errno.o)
 .text          0x000000000000493c       0x74 ../projeto_bsp/\libhal_bsp.a(alt_find_dev.o)
                0x000000000000493c                alt_find_dev
 .text          0x00000000000049b0        0x4 ../projeto_bsp/\libhal_bsp.a(alt_icache_flush_all.o)
                0x00000000000049b0                alt_icache_flush_all
 .text          0x00000000000049b4        0x8 ../projeto_bsp/\libhal_bsp.a(altera_nios2_qsys_irq.o)
                0x00000000000049b4                altera_nios2_qsys_irq_init
 .text          0x00000000000049bc        0x0 c:/intelfpga_lite/18.1/nios2eds/bin/gnu/h-x86_64-mingw32/bin/../lib/gcc/nios2-elf/5.3.0/../../../../../H-x86_64-mingw32/nios2-elf/lib/mno-hw-mul\libsmallc.a(lib_a-int_errno.o)
 .text          0x00000000000049bc        0x0 c:/intelfpga_lite/18.1/nios2eds/bin/gnu/h-x86_64-mingw32/bin/../lib/gcc/nios2-elf/5.3.0/../../../../../H-x86_64-mingw32/nios2-elf/lib/mno-hw-mul\libsmallc.a(lib_a-memcmp.o)
 .text.memcmp   0x00000000000049bc       0x30 c:/intelfpga_lite/18.1/nios2eds/bin/gnu/h-x86_64-mingw32/bin/../lib/gcc/nios2-elf/5.3.0/../../../../../H-x86_64-mingw32/nios2-elf/lib/mno-hw-mul\libsmallc.a(lib_a-memcmp.o)
                0x00000000000049bc                memcmp
 .text          0x00000000000049ec        0x0 c:/intelfpga_lite/18.1/nios2eds/bin/gnu/h-x86_64-mingw32/bin/../lib/gcc/nios2-elf/5.3.0/../../../../../H-x86_64-mingw32/nios2-elf/lib/mno-hw-mul\libsmallc.a(lib_a-strlen.o)
 .text.strlen   0x00000000000049ec       0x1c c:/intelfpga_lite/18.1/nios2eds/bin/gnu/h-x86_64-mingw32/bin/../lib/gcc/nios2-elf/5.3.0/../../../../../H-x86_64-mingw32/nios2-elf/lib/mno-hw-mul\libsmallc.a(lib_a-strlen.o)
                0x00000000000049ec                strlen
 *(.gnu.warning.*)
 *(.fini)
                [!provide]                        PROVIDE (__etext, ABSOLUTE (.))
                [!provide]                        PROVIDE (_etext, ABSOLUTE (.))
                [!provide]                        PROVIDE (etext, ABSOLUTE (.))
 *(.eh_frame_hdr)
                0x0000000000004a08                . = ALIGN (0x4)
                [!provide]                        PROVIDE (__preinit_array_start, ABSOLUTE (.))
 *(.preinit_array)
                [!provide]                        PROVIDE (__preinit_array_end, ABSOLUTE (.))
                [!provide]                        PROVIDE (__init_array_start, ABSOLUTE (.))
 *(.init_array)
                [!provide]                        PROVIDE (__init_array_end, ABSOLUTE (.))
                [!provide]                        PROVIDE (__fini_array_start, ABSOLUTE (.))
 *(.fini_array)
                [!provide]                        PROVIDE (__fini_array_end, ABSOLUTE (.))
 *(.eh_frame)
 *(.gcc_except_table .gcc_except_table.*)
 *(.dynamic)
                [!provide]                        PROVIDE (__CTOR_LIST__, ABSOLUTE (.))
 *(.ctors)
 *(SORT(.ctors.*))
                [!provide]                        PROVIDE (__CTOR_END__, ABSOLUTE (.))
                [!provide]                        PROVIDE (__DTOR_LIST__, ABSOLUTE (.))
 *(.dtors)
 *(SORT(.dtors.*))
                [!provide]                        PROVIDE (__DTOR_END__, ABSOLUTE (.))
 *(.jcr)
                0x0000000000004a08                . = ALIGN (0x4)

.rodata         0x0000000000004a08       0xd8
                0x0000000000004a08                PROVIDE (__ram_rodata_start, ABSOLUTE (.))
                0x0000000000004a08                . = ALIGN (0x4)
 *(.rodata .rodata.* .gnu.linkonce.r.*)
 .rodata.str1.4
                0x0000000000004a08       0xcc obj/default/hello_world_small.o
 .rodata.str1.4
                0x0000000000004ad4       0x15 ../projeto_bsp/\libhal_bsp.a(alt_sys_init.o)
 .rodata.str1.4
                0x0000000000004ad4        0xc ../projeto_bsp/\libhal_bsp.a(alt_dev.o)
                                          0xa (size before relaxing)
 *(.rodata1)
                0x0000000000004aec                . = ALIGN (0x4)
                0x0000000000004aec                PROVIDE (__ram_rodata_end, ABSOLUTE (.))
                0x0000000000004a08                PROVIDE (__flash_rodata_start, LOADADDR (.rodata))

.rwdata         0x0000000000004ae0       0xa0 load address 0x0000000000004b80
                0x0000000000004ae0                PROVIDE (__ram_rwdata_start, ABSOLUTE (.))
                0x0000000000004ae0                . = ALIGN (0x4)
 *(.got.plt)
 *(.got)
 *(.data1)
 *(.data .data.* .gnu.linkonce.d.*)
 .data          0x0000000000004ae0        0x0 ../projeto_bsp//obj/HAL/src/crt0.o
 .data          0x0000000000004ae0        0x0 obj/default/hello_world_small.o
 .data          0x0000000000004ae0        0x0 c:/intelfpga_lite/18.1/nios2eds/bin/gnu/h-x86_64-mingw32/bin/../lib/gcc/nios2-elf/5.3.0/mno-hw-mul\libgcc.a(lib2-mul.o)
 .data          0x0000000000004ae0        0x0 ../projeto_bsp/\libhal_bsp.a(alt_load.o)
 .data          0x0000000000004ae0        0x0 ../projeto_bsp/\libhal_bsp.a(alt_main.o)
 .data          0x0000000000004ae0        0x0 ../projeto_bsp/\libhal_bsp.a(alt_printf.o)
 .data          0x0000000000004ae0        0x0 ../projeto_bsp/\libhal_bsp.a(alt_putchar.o)
 .data          0x0000000000004ae0       0x2c ../projeto_bsp/\libhal_bsp.a(alt_sys_init.o)
 .data          0x0000000000004b0c        0x0 ../projeto_bsp/\libhal_bsp.a(altera_avalon_jtag_uart_write.o)
 .data          0x0000000000004b0c        0x0 ../projeto_bsp/\libhal_bsp.a(altera_up_avalon_character_lcd.o)
 .data          0x0000000000004b0c        0x0 ../projeto_bsp/\libhal_bsp.a(alt_dcache_flush_all.o)
 .data          0x0000000000004b0c       0x58 ../projeto_bsp/\libhal_bsp.a(alt_dev.o)
                0x0000000000004b0c                alt_fd_list
                0x0000000000004b3c                alt_dev_null
 .data          0x0000000000004b64        0x0 ../projeto_bsp/\libhal_bsp.a(alt_dev_llist_insert.o)
 .data          0x0000000000004b64        0x0 ../projeto_bsp/\libhal_bsp.a(alt_errno.o)
 .data          0x0000000000004b64        0x0 ../projeto_bsp/\libhal_bsp.a(alt_find_dev.o)
 .data          0x0000000000004b64        0x0 ../projeto_bsp/\libhal_bsp.a(alt_icache_flush_all.o)
 .data          0x0000000000004b64        0x0 ../projeto_bsp/\libhal_bsp.a(altera_nios2_qsys_irq.o)
 .data          0x0000000000004b64        0x0 c:/intelfpga_lite/18.1/nios2eds/bin/gnu/h-x86_64-mingw32/bin/../lib/gcc/nios2-elf/5.3.0/../../../../../H-x86_64-mingw32/nios2-elf/lib/mno-hw-mul\libsmallc.a(lib_a-int_errno.o)
 .data          0x0000000000004b64        0x0 c:/intelfpga_lite/18.1/nios2eds/bin/gnu/h-x86_64-mingw32/bin/../lib/gcc/nios2-elf/5.3.0/../../../../../H-x86_64-mingw32/nios2-elf/lib/mno-hw-mul\libsmallc.a(lib_a-memcmp.o)
 .data          0x0000000000004b64        0x0 c:/intelfpga_lite/18.1/nios2eds/bin/gnu/h-x86_64-mingw32/bin/../lib/gcc/nios2-elf/5.3.0/../../../../../H-x86_64-mingw32/nios2-elf/lib/mno-hw-mul\libsmallc.a(lib_a-strlen.o)
                0x000000000000cb64                _gp = ABSOLUTE ((. + 0x8000))
                [!provide]                        PROVIDE (gp, _gp)
 *(.rwdata .rwdata.*)
 *(.sdata .sdata.* .gnu.linkonce.s.*)
 .sdata         0x0000000000004b64        0x4 ../projeto_bsp/\libhal_bsp.a(alt_sys_init.o)
                0x0000000000004b64                jtag_uart_0
 .sdata         0x0000000000004b68       0x14 ../projeto_bsp/\libhal_bsp.a(alt_dev.o)
                0x0000000000004b68                alt_max_fd
                0x0000000000004b6c                alt_dev_list
                0x0000000000004b74                alt_fs_list
 .sdata         0x0000000000004b7c        0x4 ../projeto_bsp/\libhal_bsp.a(alt_errno.o)
                0x0000000000004b7c                alt_errno
 *(.sdata2 .sdata2.* .gnu.linkonce.s2.*)
                0x0000000000004b80                . = ALIGN (0x4)
                0x0000000000004b80                _edata = ABSOLUTE (.)
                [!provide]                        PROVIDE (edata, ABSOLUTE (.))
                0x0000000000004b80                PROVIDE (__ram_rwdata_end, ABSOLUTE (.))
                0x0000000000004b80                PROVIDE (__flash_rwdata_start, LOADADDR (.rwdata))

.bss            0x0000000000004c20       0x10
                0x0000000000004c20                __bss_start = ABSOLUTE (.)
                [!provide]                        PROVIDE (__sbss_start, ABSOLUTE (.))
                [!provide]                        PROVIDE (___sbss_start, ABSOLUTE (.))
 *(.dynsbss)
 *(.sbss .sbss.* .gnu.linkonce.sb.*)
 .sbss          0x0000000000004c20        0xc ../projeto_bsp/\libhal_bsp.a(alt_main.o)
                0x0000000000004c20                alt_envp
                0x0000000000004c24                alt_argv
                0x0000000000004c28                alt_argc
 .sbss          0x0000000000004c2c        0x4 c:/intelfpga_lite/18.1/nios2eds/bin/gnu/h-x86_64-mingw32/bin/../lib/gcc/nios2-elf/5.3.0/../../../../../H-x86_64-mingw32/nios2-elf/lib/mno-hw-mul\libsmallc.a(lib_a-int_errno.o)
                0x0000000000004c2c                errno
 *(.sbss2 .sbss2.* .gnu.linkonce.sb2.*)
 *(.scommon)
                [!provide]                        PROVIDE (__sbss_end, ABSOLUTE (.))
                [!provide]                        PROVIDE (___sbss_end, ABSOLUTE (.))
 *(.dynbss)
 *(.bss .bss.* .gnu.linkonce.b.*)
 .bss           0x0000000000004c30        0x0 ../projeto_bsp//obj/HAL/src/crt0.o
 .bss           0x0000000000004c30        0x0 obj/default/hello_world_small.o
 .bss           0x0000000000004c30        0x0 c:/intelfpga_lite/18.1/nios2eds/bin/gnu/h-x86_64-mingw32/bin/../lib/gcc/nios2-elf/5.3.0/mno-hw-mul\libgcc.a(lib2-mul.o)
 .bss           0x0000000000004c30        0x0 ../projeto_bsp/\libhal_bsp.a(alt_load.o)
 .bss           0x0000000000004c30        0x0 ../projeto_bsp/\libhal_bsp.a(alt_main.o)
 .bss           0x0000000000004c30        0x0 ../projeto_bsp/\libhal_bsp.a(alt_printf.o)
 .bss           0x0000000000004c30        0x0 ../projeto_bsp/\libhal_bsp.a(alt_putchar.o)
 .bss           0x0000000000004c30        0x0 ../projeto_bsp/\libhal_bsp.a(alt_sys_init.o)
 .bss           0x0000000000004c30        0x0 ../projeto_bsp/\libhal_bsp.a(altera_avalon_jtag_uart_write.o)
 .bss           0x0000000000004c30        0x0 ../projeto_bsp/\libhal_bsp.a(altera_up_avalon_character_lcd.o)
 .bss           0x0000000000004c30        0x0 ../projeto_bsp/\libhal_bsp.a(alt_dcache_flush_all.o)
 .bss           0x0000000000004c30        0x0 ../projeto_bsp/\libhal_bsp.a(alt_dev.o)
 .bss           0x0000000000004c30        0x0 ../projeto_bsp/\libhal_bsp.a(alt_dev_llist_insert.o)
 .bss           0x0000000000004c30        0x0 ../projeto_bsp/\libhal_bsp.a(alt_errno.o)
 .bss           0x0000000000004c30        0x0 ../projeto_bsp/\libhal_bsp.a(alt_find_dev.o)
 .bss           0x0000000000004c30        0x0 ../projeto_bsp/\libhal_bsp.a(alt_icache_flush_all.o)
 .bss           0x0000000000004c30        0x0 ../projeto_bsp/\libhal_bsp.a(altera_nios2_qsys_irq.o)
 .bss           0x0000000000004c30        0x0 c:/intelfpga_lite/18.1/nios2eds/bin/gnu/h-x86_64-mingw32/bin/../lib/gcc/nios2-elf/5.3.0/../../../../../H-x86_64-mingw32/nios2-elf/lib/mno-hw-mul\libsmallc.a(lib_a-int_errno.o)
 .bss           0x0000000000004c30        0x0 c:/intelfpga_lite/18.1/nios2eds/bin/gnu/h-x86_64-mingw32/bin/../lib/gcc/nios2-elf/5.3.0/../../../../../H-x86_64-mingw32/nios2-elf/lib/mno-hw-mul\libsmallc.a(lib_a-memcmp.o)
 .bss           0x0000000000004c30        0x0 c:/intelfpga_lite/18.1/nios2eds/bin/gnu/h-x86_64-mingw32/bin/../lib/gcc/nios2-elf/5.3.0/../../../../../H-x86_64-mingw32/nios2-elf/lib/mno-hw-mul\libsmallc.a(lib_a-strlen.o)
 *(COMMON)
                0x0000000000004c30                . = ALIGN (0x4)
                0x0000000000004c30                __bss_end = ABSOLUTE (.)

.onchip_memory2_0
                0x0000000000004c30        0x0
                [!provide]                        PROVIDE (_alt_partition_onchip_memory2_0_start, ABSOLUTE (.))
 *(.onchip_memory2_0 .onchip_memory2_0. onchip_memory2_0.*)
                0x0000000000004c30                . = ALIGN (0x4)
                [!provide]                        PROVIDE (_alt_partition_onchip_memory2_0_end, ABSOLUTE (.))
                0x0000000000004c30                _end = ABSOLUTE (.)
                0x0000000000004c30                end = ABSOLUTE (.)
                0x0000000000004c30                __alt_stack_base = ABSOLUTE (.)
                [!provide]                        PROVIDE (_alt_partition_onchip_memory2_0_load_addr, LOADADDR (.onchip_memory2_0))

.stab
 *(.stab)

.stabstr
 *(.stabstr)

.stab.excl
 *(.stab.excl)

.stab.exclstr
 *(.stab.exclstr)

.stab.index
 *(.stab.index)

.stab.indexstr
 *(.stab.indexstr)

.comment        0x0000000000000000       0x23
 *(.comment)
 .comment       0x0000000000000000       0x23 obj/default/hello_world_small.o
                                         0x24 (size before relaxing)
 .comment       0x0000000000000023       0x24 c:/intelfpga_lite/18.1/nios2eds/bin/gnu/h-x86_64-mingw32/bin/../lib/gcc/nios2-elf/5.3.0/mno-hw-mul\libgcc.a(lib2-mul.o)
 .comment       0x0000000000000023       0x24 ../projeto_bsp/\libhal_bsp.a(alt_load.o)
 .comment       0x0000000000000023       0x24 ../projeto_bsp/\libhal_bsp.a(alt_main.o)
 .comment       0x0000000000000023       0x24 ../projeto_bsp/\libhal_bsp.a(alt_printf.o)
 .comment       0x0000000000000023       0x24 ../projeto_bsp/\libhal_bsp.a(alt_putchar.o)
 .comment       0x0000000000000023       0x24 ../projeto_bsp/\libhal_bsp.a(alt_sys_init.o)
 .comment       0x0000000000000023       0x24 ../projeto_bsp/\libhal_bsp.a(altera_avalon_jtag_uart_write.o)
 .comment       0x0000000000000023       0x24 ../projeto_bsp/\libhal_bsp.a(altera_up_avalon_character_lcd.o)
 .comment       0x0000000000000023       0x24 ../projeto_bsp/\libhal_bsp.a(alt_dcache_flush_all.o)
 .comment       0x0000000000000023       0x24 ../projeto_bsp/\libhal_bsp.a(alt_dev.o)
 .comment       0x0000000000000023       0x24 ../projeto_bsp/\libhal_bsp.a(alt_dev_llist_insert.o)
 .comment       0x0000000000000023       0x24 ../projeto_bsp/\libhal_bsp.a(alt_errno.o)
 .comment       0x0000000000000023       0x24 ../projeto_bsp/\libhal_bsp.a(alt_find_dev.o)
 .comment       0x0000000000000023       0x24 ../projeto_bsp/\libhal_bsp.a(alt_icache_flush_all.o)
 .comment       0x0000000000000023       0x24 ../projeto_bsp/\libhal_bsp.a(altera_nios2_qsys_irq.o)
 .comment       0x0000000000000023       0x24 c:/intelfpga_lite/18.1/nios2eds/bin/gnu/h-x86_64-mingw32/bin/../lib/gcc/nios2-elf/5.3.0/../../../../../H-x86_64-mingw32/nios2-elf/lib/mno-hw-mul\libsmallc.a(lib_a-int_errno.o)
 .comment       0x0000000000000023       0x24 c:/intelfpga_lite/18.1/nios2eds/bin/gnu/h-x86_64-mingw32/bin/../lib/gcc/nios2-elf/5.3.0/../../../../../H-x86_64-mingw32/nios2-elf/lib/mno-hw-mul\libsmallc.a(lib_a-memcmp.o)
 .comment       0x0000000000000023       0x24 c:/intelfpga_lite/18.1/nios2eds/bin/gnu/h-x86_64-mingw32/bin/../lib/gcc/nios2-elf/5.3.0/../../../../../H-x86_64-mingw32/nios2-elf/lib/mno-hw-mul\libsmallc.a(lib_a-strlen.o)

.debug
 *(.debug)

.line
 *(.line)

.debug_srcinfo
 *(.debug_srcinfo)

.debug_sfnames
 *(.debug_sfnames)

.debug_aranges  0x0000000000000000      0x280
 *(.debug_aranges)
 .debug_aranges
                0x0000000000000000       0x28 ../projeto_bsp//obj/HAL/src/crt0.o
 .debug_aranges
                0x0000000000000028       0x28 obj/default/hello_world_small.o
 .debug_aranges
                0x0000000000000050       0x20 c:/intelfpga_lite/18.1/nios2eds/bin/gnu/h-x86_64-mingw32/bin/../lib/gcc/nios2-elf/5.3.0/mno-hw-mul\libgcc.a(lib2-mul.o)
 .debug_aranges
                0x0000000000000070       0x20 ../projeto_bsp/\libhal_bsp.a(alt_load.o)
 .debug_aranges
                0x0000000000000090       0x20 ../projeto_bsp/\libhal_bsp.a(alt_main.o)
 .debug_aranges
                0x00000000000000b0       0x20 ../projeto_bsp/\libhal_bsp.a(alt_printf.o)
 .debug_aranges
                0x00000000000000d0       0x20 ../projeto_bsp/\libhal_bsp.a(alt_putchar.o)
 .debug_aranges
                0x00000000000000f0       0x20 ../projeto_bsp/\libhal_bsp.a(alt_sys_init.o)
 .debug_aranges
                0x0000000000000110       0x20 ../projeto_bsp/\libhal_bsp.a(altera_avalon_jtag_uart_write.o)
 .debug_aranges
                0x0000000000000130       0x20 ../projeto_bsp/\libhal_bsp.a(altera_up_avalon_character_lcd.o)
 .debug_aranges
                0x0000000000000150       0x20 ../projeto_bsp/\libhal_bsp.a(alt_dcache_flush_all.o)
 .debug_aranges
                0x0000000000000170       0x20 ../projeto_bsp/\libhal_bsp.a(alt_dev.o)
 .debug_aranges
                0x0000000000000190       0x20 ../projeto_bsp/\libhal_bsp.a(alt_dev_llist_insert.o)
 .debug_aranges
                0x00000000000001b0       0x18 ../projeto_bsp/\libhal_bsp.a(alt_errno.o)
 .debug_aranges
                0x00000000000001c8       0x20 ../projeto_bsp/\libhal_bsp.a(alt_find_dev.o)
 .debug_aranges
                0x00000000000001e8       0x20 ../projeto_bsp/\libhal_bsp.a(alt_icache_flush_all.o)
 .debug_aranges
                0x0000000000000208       0x20 ../projeto_bsp/\libhal_bsp.a(altera_nios2_qsys_irq.o)
 .debug_aranges
                0x0000000000000228       0x18 c:/intelfpga_lite/18.1/nios2eds/bin/gnu/h-x86_64-mingw32/bin/../lib/gcc/nios2-elf/5.3.0/../../../../../H-x86_64-mingw32/nios2-elf/lib/mno-hw-mul\libsmallc.a(lib_a-int_errno.o)
 .debug_aranges
                0x0000000000000240       0x20 c:/intelfpga_lite/18.1/nios2eds/bin/gnu/h-x86_64-mingw32/bin/../lib/gcc/nios2-elf/5.3.0/../../../../../H-x86_64-mingw32/nios2-elf/lib/mno-hw-mul\libsmallc.a(lib_a-memcmp.o)
 .debug_aranges
                0x0000000000000260       0x20 c:/intelfpga_lite/18.1/nios2eds/bin/gnu/h-x86_64-mingw32/bin/../lib/gcc/nios2-elf/5.3.0/../../../../../H-x86_64-mingw32/nios2-elf/lib/mno-hw-mul\libsmallc.a(lib_a-strlen.o)

.debug_pubnames
 *(.debug_pubnames)

.debug_info     0x0000000000000000     0x2814
 *(.debug_info .gnu.linkonce.wi.*)
 .debug_info    0x0000000000000000       0x70 ../projeto_bsp//obj/HAL/src/crt0.o
 .debug_info    0x0000000000000070      0x5ab obj/default/hello_world_small.o
 .debug_info    0x000000000000061b       0xb4 c:/intelfpga_lite/18.1/nios2eds/bin/gnu/h-x86_64-mingw32/bin/../lib/gcc/nios2-elf/5.3.0/mno-hw-mul\libgcc.a(lib2-mul.o)
 .debug_info    0x00000000000006cf      0x1c9 ../projeto_bsp/\libhal_bsp.a(alt_load.o)
 .debug_info    0x0000000000000898      0x169 ../projeto_bsp/\libhal_bsp.a(alt_main.o)
 .debug_info    0x0000000000000a01      0x14d ../projeto_bsp/\libhal_bsp.a(alt_printf.o)
 .debug_info    0x0000000000000b4e      0x12a ../projeto_bsp/\libhal_bsp.a(alt_putchar.o)
 .debug_info    0x0000000000000c78      0x44c ../projeto_bsp/\libhal_bsp.a(alt_sys_init.o)
 .debug_info    0x00000000000010c4      0x197 ../projeto_bsp/\libhal_bsp.a(altera_avalon_jtag_uart_write.o)
 .debug_info    0x000000000000125b      0x79d ../projeto_bsp/\libhal_bsp.a(altera_up_avalon_character_lcd.o)
 .debug_info    0x00000000000019f8       0x92 ../projeto_bsp/\libhal_bsp.a(alt_dcache_flush_all.o)
 .debug_info    0x0000000000001a8a      0x499 ../projeto_bsp/\libhal_bsp.a(alt_dev.o)
 .debug_info    0x0000000000001f23      0x1b3 ../projeto_bsp/\libhal_bsp.a(alt_dev_llist_insert.o)
 .debug_info    0x00000000000020d6       0xa6 ../projeto_bsp/\libhal_bsp.a(alt_errno.o)
 .debug_info    0x000000000000217c      0x32d ../projeto_bsp/\libhal_bsp.a(alt_find_dev.o)
 .debug_info    0x00000000000024a9       0x92 ../projeto_bsp/\libhal_bsp.a(alt_icache_flush_all.o)
 .debug_info    0x000000000000253b       0x92 ../projeto_bsp/\libhal_bsp.a(altera_nios2_qsys_irq.o)
 .debug_info    0x00000000000025cd       0x8a c:/intelfpga_lite/18.1/nios2eds/bin/gnu/h-x86_64-mingw32/bin/../lib/gcc/nios2-elf/5.3.0/../../../../../H-x86_64-mingw32/nios2-elf/lib/mno-hw-mul\libsmallc.a(lib_a-int_errno.o)
 .debug_info    0x0000000000002657       0xf4 c:/intelfpga_lite/18.1/nios2eds/bin/gnu/h-x86_64-mingw32/bin/../lib/gcc/nios2-elf/5.3.0/../../../../../H-x86_64-mingw32/nios2-elf/lib/mno-hw-mul\libsmallc.a(lib_a-memcmp.o)
 .debug_info    0x000000000000274b       0xc9 c:/intelfpga_lite/18.1/nios2eds/bin/gnu/h-x86_64-mingw32/bin/../lib/gcc/nios2-elf/5.3.0/../../../../../H-x86_64-mingw32/nios2-elf/lib/mno-hw-mul\libsmallc.a(lib_a-strlen.o)

.debug_abbrev   0x0000000000000000      0xfa4
 *(.debug_abbrev)
 .debug_abbrev  0x0000000000000000       0x12 ../projeto_bsp//obj/HAL/src/crt0.o
 .debug_abbrev  0x0000000000000012      0x19a obj/default/hello_world_small.o
 .debug_abbrev  0x00000000000001ac       0x6f c:/intelfpga_lite/18.1/nios2eds/bin/gnu/h-x86_64-mingw32/bin/../lib/gcc/nios2-elf/5.3.0/mno-hw-mul\libgcc.a(lib2-mul.o)
 .debug_abbrev  0x000000000000021b       0xd8 ../projeto_bsp/\libhal_bsp.a(alt_load.o)
 .debug_abbrev  0x00000000000002f3       0xee ../projeto_bsp/\libhal_bsp.a(alt_main.o)
 .debug_abbrev  0x00000000000003e1       0xd5 ../projeto_bsp/\libhal_bsp.a(alt_printf.o)
 .debug_abbrev  0x00000000000004b6       0xd2 ../projeto_bsp/\libhal_bsp.a(alt_putchar.o)
 .debug_abbrev  0x0000000000000588      0x1b2 ../projeto_bsp/\libhal_bsp.a(alt_sys_init.o)
 .debug_abbrev  0x000000000000073a       0xd5 ../projeto_bsp/\libhal_bsp.a(altera_avalon_jtag_uart_write.o)
 .debug_abbrev  0x000000000000080f      0x226 ../projeto_bsp/\libhal_bsp.a(altera_up_avalon_character_lcd.o)
 .debug_abbrev  0x0000000000000a35       0x42 ../projeto_bsp/\libhal_bsp.a(alt_dcache_flush_all.o)
 .debug_abbrev  0x0000000000000a77       0xd9 ../projeto_bsp/\libhal_bsp.a(alt_dev.o)
 .debug_abbrev  0x0000000000000b50      0x11c ../projeto_bsp/\libhal_bsp.a(alt_dev_llist_insert.o)
 .debug_abbrev  0x0000000000000c6c       0x5a ../projeto_bsp/\libhal_bsp.a(alt_errno.o)
 .debug_abbrev  0x0000000000000cc6      0x125 ../projeto_bsp/\libhal_bsp.a(alt_find_dev.o)
 .debug_abbrev  0x0000000000000deb       0x42 ../projeto_bsp/\libhal_bsp.a(alt_icache_flush_all.o)
 .debug_abbrev  0x0000000000000e2d       0x42 ../projeto_bsp/\libhal_bsp.a(altera_nios2_qsys_irq.o)
 .debug_abbrev  0x0000000000000e6f       0x37 c:/intelfpga_lite/18.1/nios2eds/bin/gnu/h-x86_64-mingw32/bin/../lib/gcc/nios2-elf/5.3.0/../../../../../H-x86_64-mingw32/nios2-elf/lib/mno-hw-mul\libsmallc.a(lib_a-int_errno.o)
 .debug_abbrev  0x0000000000000ea6       0x7f c:/intelfpga_lite/18.1/nios2eds/bin/gnu/h-x86_64-mingw32/bin/../lib/gcc/nios2-elf/5.3.0/../../../../../H-x86_64-mingw32/nios2-elf/lib/mno-hw-mul\libsmallc.a(lib_a-memcmp.o)
 .debug_abbrev  0x0000000000000f25       0x7f c:/intelfpga_lite/18.1/nios2eds/bin/gnu/h-x86_64-mingw32/bin/../lib/gcc/nios2-elf/5.3.0/../../../../../H-x86_64-mingw32/nios2-elf/lib/mno-hw-mul\libsmallc.a(lib_a-strlen.o)

.debug_line     0x0000000000000000     0x104c
 *(.debug_line)
 .debug_line    0x0000000000000000       0x66 ../projeto_bsp//obj/HAL/src/crt0.o
 .debug_line    0x0000000000000066      0x1b1 obj/default/hello_world_small.o
 .debug_line    0x0000000000000217       0x80 c:/intelfpga_lite/18.1/nios2eds/bin/gnu/h-x86_64-mingw32/bin/../lib/gcc/nios2-elf/5.3.0/mno-hw-mul\libgcc.a(lib2-mul.o)
 .debug_line    0x0000000000000297       0xa4 ../projeto_bsp/\libhal_bsp.a(alt_load.o)
 .debug_line    0x000000000000033b       0xbd ../projeto_bsp/\libhal_bsp.a(alt_main.o)
 .debug_line    0x00000000000003f8      0x112 ../projeto_bsp/\libhal_bsp.a(alt_printf.o)
 .debug_line    0x000000000000050a       0x55 ../projeto_bsp/\libhal_bsp.a(alt_putchar.o)
 .debug_line    0x000000000000055f      0x14a ../projeto_bsp/\libhal_bsp.a(alt_sys_init.o)
 .debug_line    0x00000000000006a9       0xf0 ../projeto_bsp/\libhal_bsp.a(altera_avalon_jtag_uart_write.o)
 .debug_line    0x0000000000000799      0x186 ../projeto_bsp/\libhal_bsp.a(altera_up_avalon_character_lcd.o)
 .debug_line    0x000000000000091f       0x4e ../projeto_bsp/\libhal_bsp.a(alt_dcache_flush_all.o)
 .debug_line    0x000000000000096d       0xf6 ../projeto_bsp/\libhal_bsp.a(alt_dev.o)
 .debug_line    0x0000000000000a63       0xd8 ../projeto_bsp/\libhal_bsp.a(alt_dev_llist_insert.o)
 .debug_line    0x0000000000000b3b       0x51 ../projeto_bsp/\libhal_bsp.a(alt_errno.o)
 .debug_line    0x0000000000000b8c      0x107 ../projeto_bsp/\libhal_bsp.a(alt_find_dev.o)
 .debug_line    0x0000000000000c93       0x4e ../projeto_bsp/\libhal_bsp.a(alt_icache_flush_all.o)
 .debug_line    0x0000000000000ce1       0x50 ../projeto_bsp/\libhal_bsp.a(altera_nios2_qsys_irq.o)
 .debug_line    0x0000000000000d31       0x5f c:/intelfpga_lite/18.1/nios2eds/bin/gnu/h-x86_64-mingw32/bin/../lib/gcc/nios2-elf/5.3.0/../../../../../H-x86_64-mingw32/nios2-elf/lib/mno-hw-mul\libsmallc.a(lib_a-int_errno.o)
 .debug_line    0x0000000000000d90      0x160 c:/intelfpga_lite/18.1/nios2eds/bin/gnu/h-x86_64-mingw32/bin/../lib/gcc/nios2-elf/5.3.0/../../../../../H-x86_64-mingw32/nios2-elf/lib/mno-hw-mul\libsmallc.a(lib_a-memcmp.o)
 .debug_line    0x0000000000000ef0      0x15c c:/intelfpga_lite/18.1/nios2eds/bin/gnu/h-x86_64-mingw32/bin/../lib/gcc/nios2-elf/5.3.0/../../../../../H-x86_64-mingw32/nios2-elf/lib/mno-hw-mul\libsmallc.a(lib_a-strlen.o)

.debug_frame    0x0000000000000000      0x3f8
 *(.debug_frame)
 .debug_frame   0x0000000000000000       0x78 obj/default/hello_world_small.o
 .debug_frame   0x0000000000000078       0x20 c:/intelfpga_lite/18.1/nios2eds/bin/gnu/h-x86_64-mingw32/bin/../lib/gcc/nios2-elf/5.3.0/mno-hw-mul\libgcc.a(lib2-mul.o)
 .debug_frame   0x0000000000000098       0x30 ../projeto_bsp/\libhal_bsp.a(alt_load.o)
 .debug_frame   0x00000000000000c8       0x2c ../projeto_bsp/\libhal_bsp.a(alt_main.o)
 .debug_frame   0x00000000000000f4       0x54 ../projeto_bsp/\libhal_bsp.a(alt_printf.o)
 .debug_frame   0x0000000000000148       0x30 ../projeto_bsp/\libhal_bsp.a(alt_putchar.o)
 .debug_frame   0x0000000000000178       0x4c ../projeto_bsp/\libhal_bsp.a(alt_sys_init.o)
 .debug_frame   0x00000000000001c4       0x20 ../projeto_bsp/\libhal_bsp.a(altera_avalon_jtag_uart_write.o)
 .debug_frame   0x00000000000001e4       0xec ../projeto_bsp/\libhal_bsp.a(altera_up_avalon_character_lcd.o)
 .debug_frame   0x00000000000002d0       0x20 ../projeto_bsp/\libhal_bsp.a(alt_dcache_flush_all.o)
 .debug_frame   0x00000000000002f0       0x20 ../projeto_bsp/\libhal_bsp.a(alt_dev.o)
 .debug_frame   0x0000000000000310       0x2c ../projeto_bsp/\libhal_bsp.a(alt_dev_llist_insert.o)
 .debug_frame   0x000000000000033c       0x3c ../projeto_bsp/\libhal_bsp.a(alt_find_dev.o)
 .debug_frame   0x0000000000000378       0x20 ../projeto_bsp/\libhal_bsp.a(alt_icache_flush_all.o)
 .debug_frame   0x0000000000000398       0x20 ../projeto_bsp/\libhal_bsp.a(altera_nios2_qsys_irq.o)
 .debug_frame   0x00000000000003b8       0x20 c:/intelfpga_lite/18.1/nios2eds/bin/gnu/h-x86_64-mingw32/bin/../lib/gcc/nios2-elf/5.3.0/../../../../../H-x86_64-mingw32/nios2-elf/lib/mno-hw-mul\libsmallc.a(lib_a-memcmp.o)
 .debug_frame   0x00000000000003d8       0x20 c:/intelfpga_lite/18.1/nios2eds/bin/gnu/h-x86_64-mingw32/bin/../lib/gcc/nios2-elf/5.3.0/../../../../../H-x86_64-mingw32/nios2-elf/lib/mno-hw-mul\libsmallc.a(lib_a-strlen.o)

.debug_str      0x0000000000000000      0xccc
 *(.debug_str)
 .debug_str     0x0000000000000000      0x264 obj/default/hello_world_small.o
                                        0x2b3 (size before relaxing)
 .debug_str     0x0000000000000264      0x148 c:/intelfpga_lite/18.1/nios2eds/bin/gnu/h-x86_64-mingw32/bin/../lib/gcc/nios2-elf/5.3.0/mno-hw-mul\libgcc.a(lib2-mul.o)
                                        0x193 (size before relaxing)
 .debug_str     0x00000000000003ac      0x158 ../projeto_bsp/\libhal_bsp.a(alt_load.o)
                                        0x23e (size before relaxing)
 .debug_str     0x0000000000000504       0x5e ../projeto_bsp/\libhal_bsp.a(alt_main.o)
                                        0x1b7 (size before relaxing)
 .debug_str     0x0000000000000562       0x59 ../projeto_bsp/\libhal_bsp.a(alt_printf.o)
                                        0x108 (size before relaxing)
 .debug_str     0x00000000000005bb       0x60 ../projeto_bsp/\libhal_bsp.a(alt_putchar.o)
                                        0x18f (size before relaxing)
 .debug_str     0x000000000000061b       0xa5 ../projeto_bsp/\libhal_bsp.a(alt_sys_init.o)
                                        0x309 (size before relaxing)
 .debug_str     0x00000000000006c0       0x32 ../projeto_bsp/\libhal_bsp.a(altera_avalon_jtag_uart_write.o)
                                        0x217 (size before relaxing)
 .debug_str     0x00000000000006f2      0x17f ../projeto_bsp/\libhal_bsp.a(altera_up_avalon_character_lcd.o)
                                        0x400 (size before relaxing)
 .debug_str     0x0000000000000871       0x1f ../projeto_bsp/\libhal_bsp.a(alt_dcache_flush_all.o)
                                        0x157 (size before relaxing)
 .debug_str     0x0000000000000890      0x12c ../projeto_bsp/\libhal_bsp.a(alt_dev.o)
                                        0x307 (size before relaxing)
 .debug_str     0x00000000000009bc       0x4e ../projeto_bsp/\libhal_bsp.a(alt_dev_llist_insert.o)
                                        0x1ce (size before relaxing)
 .debug_str     0x0000000000000a0a       0x14 ../projeto_bsp/\libhal_bsp.a(alt_errno.o)
                                        0x147 (size before relaxing)
 .debug_str     0x0000000000000a1e       0x25 ../projeto_bsp/\libhal_bsp.a(alt_find_dev.o)
                                        0x1fc (size before relaxing)
 .debug_str     0x0000000000000a43       0x1f ../projeto_bsp/\libhal_bsp.a(alt_icache_flush_all.o)
                                        0x157 (size before relaxing)
 .debug_str     0x0000000000000a62       0x20 ../projeto_bsp/\libhal_bsp.a(altera_nios2_qsys_irq.o)
                                        0x15e (size before relaxing)
 .debug_str     0x0000000000000a82      0x134 c:/intelfpga_lite/18.1/nios2eds/bin/gnu/h-x86_64-mingw32/bin/../lib/gcc/nios2-elf/5.3.0/../../../../../H-x86_64-mingw32/nios2-elf/lib/mno-hw-mul\libsmallc.a(lib_a-int_errno.o)
                                        0x1d8 (size before relaxing)
 .debug_str     0x0000000000000bb6       0xd9 c:/intelfpga_lite/18.1/nios2eds/bin/gnu/h-x86_64-mingw32/bin/../lib/gcc/nios2-elf/5.3.0/../../../../../H-x86_64-mingw32/nios2-elf/lib/mno-hw-mul\libsmallc.a(lib_a-memcmp.o)
                                        0x1df (size before relaxing)
 .debug_str     0x0000000000000c8f       0x3d c:/intelfpga_lite/18.1/nios2eds/bin/gnu/h-x86_64-mingw32/bin/../lib/gcc/nios2-elf/5.3.0/../../../../../H-x86_64-mingw32/nios2-elf/lib/mno-hw-mul\libsmallc.a(lib_a-strlen.o)
                                        0x1e5 (size before relaxing)

.debug_loc      0x0000000000000000      0xaf7
 *(.debug_loc)
 .debug_loc     0x0000000000000000      0x22f obj/default/hello_world_small.o
 .debug_loc     0x000000000000022f       0x93 c:/intelfpga_lite/18.1/nios2eds/bin/gnu/h-x86_64-mingw32/bin/../lib/gcc/nios2-elf/5.3.0/mno-hw-mul\libgcc.a(lib2-mul.o)
 .debug_loc     0x00000000000002c2      0x1de ../projeto_bsp/\libhal_bsp.a(alt_printf.o)
 .debug_loc     0x00000000000004a0       0x2c ../projeto_bsp/\libhal_bsp.a(alt_putchar.o)
 .debug_loc     0x00000000000004cc       0x21 ../projeto_bsp/\libhal_bsp.a(alt_sys_init.o)
 .debug_loc     0x00000000000004ed       0x8b ../projeto_bsp/\libhal_bsp.a(altera_avalon_jtag_uart_write.o)
 .debug_loc     0x0000000000000578      0x3d1 ../projeto_bsp/\libhal_bsp.a(altera_up_avalon_character_lcd.o)
 .debug_loc     0x0000000000000949       0x7e ../projeto_bsp/\libhal_bsp.a(alt_dev_llist_insert.o)
 .debug_loc     0x00000000000009c7       0x7e ../projeto_bsp/\libhal_bsp.a(alt_find_dev.o)
 .debug_loc     0x0000000000000a45       0x94 c:/intelfpga_lite/18.1/nios2eds/bin/gnu/h-x86_64-mingw32/bin/../lib/gcc/nios2-elf/5.3.0/../../../../../H-x86_64-mingw32/nios2-elf/lib/mno-hw-mul\libsmallc.a(lib_a-memcmp.o)
 .debug_loc     0x0000000000000ad9       0x1e c:/intelfpga_lite/18.1/nios2eds/bin/gnu/h-x86_64-mingw32/bin/../lib/gcc/nios2-elf/5.3.0/../../../../../H-x86_64-mingw32/nios2-elf/lib/mno-hw-mul\libsmallc.a(lib_a-strlen.o)

.debug_macinfo
 *(.debug_macinfo)

.debug_weaknames
 *(.debug_weaknames)

.debug_funcnames
 *(.debug_funcnames)

.debug_typenames
 *(.debug_typenames)

.debug_varnames
 *(.debug_varnames)

.debug_alt_sim_info
                0x0000000000000000       0x10
 *(.debug_alt_sim_info)
 .debug_alt_sim_info
                0x0000000000000000       0x10 ../projeto_bsp//obj/HAL/src/crt0.o
                0x0000000000007ffc                __alt_data_end = 0x7ffc
                0x0000000000007ffc                PROVIDE (__alt_stack_pointer, __alt_data_end)
                [!provide]                        PROVIDE (__alt_stack_limit, __alt_stack_base)
                [!provide]                        PROVIDE (__alt_heap_start, end)
                [!provide]                        PROVIDE (__alt_heap_limit, 0x7ffc)
OUTPUT(projeto.elf elf32-littlenios2)

.debug_ranges   0x0000000000000000       0xf0
 .debug_ranges  0x0000000000000000       0x20 ../projeto_bsp//obj/HAL/src/crt0.o
 .debug_ranges  0x0000000000000020       0x18 obj/default/hello_world_small.o
 .debug_ranges  0x0000000000000038       0x48 ../projeto_bsp/\libhal_bsp.a(alt_load.o)
 .debug_ranges  0x0000000000000080       0x18 ../projeto_bsp/\libhal_bsp.a(alt_printf.o)
 .debug_ranges  0x0000000000000098       0x18 ../projeto_bsp/\libhal_bsp.a(alt_sys_init.o)
 .debug_ranges  0x00000000000000b0       0x20 ../projeto_bsp/\libhal_bsp.a(alt_dev_llist_insert.o)
 .debug_ranges  0x00000000000000d0       0x10 c:/intelfpga_lite/18.1/nios2eds/bin/gnu/h-x86_64-mingw32/bin/../lib/gcc/nios2-elf/5.3.0/../../../../../H-x86_64-mingw32/nios2-elf/lib/mno-hw-mul\libsmallc.a(lib_a-memcmp.o)
 .debug_ranges  0x00000000000000e0       0x10 c:/intelfpga_lite/18.1/nios2eds/bin/gnu/h-x86_64-mingw32/bin/../lib/gcc/nios2-elf/5.3.0/../../../../../H-x86_64-mingw32/nios2-elf/lib/mno-hw-mul\libsmallc.a(lib_a-strlen.o)
