Archive member included because of file (symbol)

../projeto_bsp/\libhal_bsp.a(alt_load.o)
                              ../projeto_bsp//obj/HAL/src/crt0.o (alt_load)
../projeto_bsp/\libhal_bsp.a(alt_main.o)
                              ../projeto_bsp//obj/HAL/src/crt0.o (alt_main)
../projeto_bsp/\libhal_bsp.a(alt_putstr.o)
                              obj/default/hello_world_small.o (alt_putstr)
../projeto_bsp/\libhal_bsp.a(alt_sys_init.o)
                              ../projeto_bsp/\libhal_bsp.a(alt_main.o) (alt_irq_init)
../projeto_bsp/\libhal_bsp.a(altera_avalon_jtag_uart_write.o)
                              ../projeto_bsp/\libhal_bsp.a(alt_putstr.o) (altera_avalon_jtag_uart_write)
../projeto_bsp/\libhal_bsp.a(alt_dcache_flush_all.o)
                              ../projeto_bsp/\libhal_bsp.a(alt_load.o) (alt_dcache_flush_all)
../projeto_bsp/\libhal_bsp.a(alt_icache_flush_all.o)
                              ../projeto_bsp/\libhal_bsp.a(alt_load.o) (alt_icache_flush_all)
../projeto_bsp/\libhal_bsp.a(altera_nios2_qsys_irq.o)
                              ../projeto_bsp/\libhal_bsp.a(alt_sys_init.o) (altera_nios2_qsys_irq_init)
c:/altera/13.1/nios2eds/bin/gnu/h-i686-mingw32/bin/../lib/gcc/nios2-elf/4.7.3/../../../../../H-i686-mingw32/nios2-elf/lib/mno-hw-mul\libsmallc.a(lib_a-strlen.o)
                              ../projeto_bsp/\libhal_bsp.a(alt_putstr.o) (strlen)

Memory Configuration

Name             Origin             Length             Attributes
reset            0x00004000         0x00000020
onchip_memory2_0 0x00004020         0x00003fde
*default*        0x00000000         0xffffffff

Linker script and memory map

LOAD ../projeto_bsp//obj/HAL/src/crt0.o
LOAD obj/default/hello_world_small.o
LOAD c:/altera/13.1/nios2eds/bin/gnu/h-i686-mingw32/bin/../lib/gcc/nios2-elf/4.7.3/../../../../../H-i686-mingw32/nios2-elf/lib/mno-hw-mul\libstdc++.a
LOAD c:/altera/13.1/nios2eds/bin/gnu/h-i686-mingw32/bin/../lib/gcc/nios2-elf/4.7.3/../../../../../H-i686-mingw32/nios2-elf/lib/mno-hw-mul\libm.a
LOAD c:/altera/13.1/nios2eds/bin/gnu/h-i686-mingw32/bin/../lib/gcc/nios2-elf/4.7.3/mno-hw-mul\libgcc.a
START GROUP
LOAD c:/altera/13.1/nios2eds/bin/gnu/h-i686-mingw32/bin/../lib/gcc/nios2-elf/4.7.3/../../../../../H-i686-mingw32/nios2-elf/lib/mno-hw-mul\libsmallc.a
LOAD c:/altera/13.1/nios2eds/bin/gnu/h-i686-mingw32/bin/../lib/gcc/nios2-elf/4.7.3/mno-hw-mul\libgcc.a
LOAD ../projeto_bsp/\libhal_bsp.a
END GROUP
LOAD c:/altera/13.1/nios2eds/bin/gnu/h-i686-mingw32/bin/../lib/gcc/nios2-elf/4.7.3/mno-hw-mul\libgcc.a
                0x00004000                __alt_mem_onchip_memory2_0 = 0x4000

.entry          0x00004000       0x20
 *(.entry)
 .entry         0x00004000       0x20 ../projeto_bsp//obj/HAL/src/crt0.o
                0x00004000                __reset
                0x0000400c                _exit

.exceptions     0x00004020        0x0
                0x00004020                PROVIDE (__ram_exceptions_start, ABSOLUTE (.))
                0x00004020                . = ALIGN (0x20)
 *(.irq)
 *(.exceptions.entry.label)
 *(.exceptions.entry.user)
 *(.exceptions.entry.ecc_fatal)
 *(.exceptions.entry)
 *(.exceptions.irqtest.user)
 *(.exceptions.irqtest)
 *(.exceptions.irqhandler.user)
 *(.exceptions.irqhandler)
 *(.exceptions.irqreturn.user)
 *(.exceptions.irqreturn)
 *(.exceptions.notirq.label)
 *(.exceptions.notirq.user)
 *(.exceptions.notirq)
 *(.exceptions.soft.user)
 *(.exceptions.soft)
 *(.exceptions.unknown.user)
 *(.exceptions.unknown)
 *(.exceptions.exit.label)
 *(.exceptions.exit.user)
 *(.exceptions.exit)
 *(.exceptions)
                0x00004020                PROVIDE (__ram_exceptions_end, ABSOLUTE (.))
                0x00004020                PROVIDE (__flash_exceptions_start, LOADADDR (.exceptions))

.text           0x00004020      0x24c
                0x00004020                PROVIDE (stext, ABSOLUTE (.))
 *(.interp)
 *(.hash)
 *(.dynsym)
 *(.dynstr)
 *(.gnu.version)
 *(.gnu.version_d)
 *(.gnu.version_r)
 *(.rel.init)
 *(.rela.init)
 *(.rel.text .rel.text.* .rel.gnu.linkonce.t.*)
 *(.rela.text .rela.text.* .rela.gnu.linkonce.t.*)
 *(.rel.fini)
 *(.rela.fini)
 *(.rel.rodata .rel.rodata.* .rel.gnu.linkonce.r.*)
 *(.rela.rodata .rela.rodata.* .rela.gnu.linkonce.r.*)
 *(.rel.data .rel.data.* .rel.gnu.linkonce.d.*)
 *(.rela.data .rela.data.* .rela.gnu.linkonce.d.*)
 *(.rel.tdata .rel.tdata.* .rel.gnu.linkonce.td.*)
 *(.rela.tdata .rela.tdata.* .rela.gnu.linkonce.td.*)
 *(.rel.tbss .rel.tbss.* .rel.gnu.linkonce.tb.*)
 *(.rela.tbss .rela.tbss.* .rela.gnu.linkonce.tb.*)
 *(.rel.ctors)
 *(.rela.ctors)
 *(.rel.dtors)
 *(.rela.dtors)
 *(.rel.got)
 *(.rela.got)
 *(.rel.sdata .rel.sdata.* .rel.gnu.linkonce.s.*)
 *(.rela.sdata .rela.sdata.* .rela.gnu.linkonce.s.*)
 *(.rel.sbss .rel.sbss.* .rel.gnu.linkonce.sb.*)
 *(.rela.sbss .rela.sbss.* .rela.gnu.linkonce.sb.*)
 *(.rel.sdata2 .rel.sdata2.* .rel.gnu.linkonce.s2.*)
 *(.rela.sdata2 .rela.sdata2.* .rela.gnu.linkonce.s2.*)
 *(.rel.sbss2 .rel.sbss2.* .rel.gnu.linkonce.sb2.*)
 *(.rela.sbss2 .rela.sbss2.* .rela.gnu.linkonce.sb2.*)
 *(.rel.bss .rel.bss.* .rel.gnu.linkonce.b.*)
 *(.rela.bss .rela.bss.* .rela.gnu.linkonce.b.*)
 *(.rel.plt)
 *(.rela.plt)
 *(.rel.dyn)
 *(.init)
 *(.plt)
 *(.text .stub .text.* .gnu.linkonce.t.*)
 .text          0x00004020       0x3c ../projeto_bsp//obj/HAL/src/crt0.o
                0x00004020                _start
 .text          0x0000405c        0x0 obj/default/hello_world_small.o
 .text.startup  0x0000405c       0x18 obj/default/hello_world_small.o
                0x0000405c                main
 .text          0x00004074      0x104 ../projeto_bsp/\libhal_bsp.a(alt_load.o)
                0x00004074                alt_load
 .text          0x00004178       0x2c ../projeto_bsp/\libhal_bsp.a(alt_main.o)
                0x00004178                alt_main
 .text          0x000041a4       0x38 ../projeto_bsp/\libhal_bsp.a(alt_putstr.o)
                0x000041a4                alt_putstr
 .text          0x000041dc       0x24 ../projeto_bsp/\libhal_bsp.a(alt_sys_init.o)
                0x000041dc                alt_irq_init
                0x000041fc                alt_sys_init
 .text          0x00004200       0x34 ../projeto_bsp/\libhal_bsp.a(altera_avalon_jtag_uart_write.o)
                0x00004200                altera_avalon_jtag_uart_write
 .text          0x00004234        0x4 ../projeto_bsp/\libhal_bsp.a(alt_dcache_flush_all.o)
                0x00004234                alt_dcache_flush_all
 .text          0x00004238        0x4 ../projeto_bsp/\libhal_bsp.a(alt_icache_flush_all.o)
                0x00004238                alt_icache_flush_all
 .text          0x0000423c        0x8 ../projeto_bsp/\libhal_bsp.a(altera_nios2_qsys_irq.o)
                0x0000423c                altera_nios2_qsys_irq_init
 .text          0x00004244       0x28 c:/altera/13.1/nios2eds/bin/gnu/h-i686-mingw32/bin/../lib/gcc/nios2-elf/4.7.3/../../../../../H-i686-mingw32/nios2-elf/lib/mno-hw-mul\libsmallc.a(lib_a-strlen.o)
                0x00004244                strlen
 *(.gnu.warning.*)
 *(.fini)
                0x0000426c                PROVIDE (__etext, ABSOLUTE (.))
                0x0000426c                PROVIDE (_etext, ABSOLUTE (.))
                0x0000426c                PROVIDE (etext, ABSOLUTE (.))
 *(.eh_frame_hdr)
                0x0000426c                . = ALIGN (0x4)
                0x0000426c                PROVIDE (__preinit_array_start, ABSOLUTE (.))
 *(.preinit_array)
                0x0000426c                PROVIDE (__preinit_array_end, ABSOLUTE (.))
                0x0000426c                PROVIDE (__init_array_start, ABSOLUTE (.))
 *(.init_array)
                0x0000426c                PROVIDE (__init_array_end, ABSOLUTE (.))
                0x0000426c                PROVIDE (__fini_array_start, ABSOLUTE (.))
 *(.fini_array)
                0x0000426c                PROVIDE (__fini_array_end, ABSOLUTE (.))
 *(.eh_frame)
 *(.gcc_except_table .gcc_except_table.*)
 *(.dynamic)
                0x0000426c                PROVIDE (__CTOR_LIST__, ABSOLUTE (.))
 *(.ctors)
 *(SORT(.ctors.*))
                0x0000426c                PROVIDE (__CTOR_END__, ABSOLUTE (.))
                0x0000426c                PROVIDE (__DTOR_LIST__, ABSOLUTE (.))
 *(.dtors)
 *(SORT(.dtors.*))
                0x0000426c                PROVIDE (__DTOR_END__, ABSOLUTE (.))
 *(.jcr)
                0x0000426c                . = ALIGN (0x4)

.rodata         0x0000426c       0x18
                0x0000426c                PROVIDE (__ram_rodata_start, ABSOLUTE (.))
                0x0000426c                . = ALIGN (0x4)
 *(.rodata .rodata.* .gnu.linkonce.r.*)
 .rodata.str1.4
                0x0000426c       0x18 obj/default/hello_world_small.o
 *(.rodata1)
                0x00004284                . = ALIGN (0x4)
                0x00004284                PROVIDE (__ram_rodata_end, ABSOLUTE (.))
                0x0000426c                PROVIDE (__flash_rodata_start, LOADADDR (.rodata))

.rwdata         0x00004284        0x4 load address 0x00004288
                0x00004284                PROVIDE (__ram_rwdata_start, ABSOLUTE (.))
                0x00004284                . = ALIGN (0x4)
 *(.got.plt)
 *(.got)
 *(.data1)
 *(.data .data.* .gnu.linkonce.d.*)
 .data          0x00004284        0x0 ../projeto_bsp//obj/HAL/src/crt0.o
 .data          0x00004284        0x0 obj/default/hello_world_small.o
 .data          0x00004284        0x0 ../projeto_bsp/\libhal_bsp.a(alt_load.o)
 .data          0x00004284        0x0 ../projeto_bsp/\libhal_bsp.a(alt_main.o)
 .data          0x00004284        0x0 ../projeto_bsp/\libhal_bsp.a(alt_putstr.o)
 .data          0x00004284        0x0 ../projeto_bsp/\libhal_bsp.a(alt_sys_init.o)
 .data          0x00004284        0x0 ../projeto_bsp/\libhal_bsp.a(altera_avalon_jtag_uart_write.o)
 .data          0x00004284        0x0 ../projeto_bsp/\libhal_bsp.a(alt_dcache_flush_all.o)
 .data          0x00004284        0x0 ../projeto_bsp/\libhal_bsp.a(alt_icache_flush_all.o)
 .data          0x00004284        0x0 ../projeto_bsp/\libhal_bsp.a(altera_nios2_qsys_irq.o)
 .data          0x00004284        0x0 c:/altera/13.1/nios2eds/bin/gnu/h-i686-mingw32/bin/../lib/gcc/nios2-elf/4.7.3/../../../../../H-i686-mingw32/nios2-elf/lib/mno-hw-mul\libsmallc.a(lib_a-strlen.o)
                0x0000c284                _gp = ABSOLUTE ((. + 0x8000))
                0x0000c284                PROVIDE (gp, _gp)
 *(.rwdata .rwdata.*)
 *(.sdata .sdata.* .gnu.linkonce.s.*)
 .sdata         0x00004284        0x4 ../projeto_bsp/\libhal_bsp.a(alt_sys_init.o)
                0x00004284                jtag_uart_0
 *(.sdata2 .sdata2.* .gnu.linkonce.s2.*)
                0x00004288                . = ALIGN (0x4)
                0x00004288                _edata = ABSOLUTE (.)
                0x00004288                PROVIDE (edata, ABSOLUTE (.))
                0x00004288                PROVIDE (__ram_rwdata_end, ABSOLUTE (.))
                0x00004288                PROVIDE (__flash_rwdata_start, LOADADDR (.rwdata))

.bss            0x0000428c        0xc
                0x0000428c                __bss_start = ABSOLUTE (.)
                0x0000428c                PROVIDE (__sbss_start, ABSOLUTE (.))
                0x0000428c                PROVIDE (___sbss_start, ABSOLUTE (.))
 *(.dynsbss)
 *(.sbss .sbss.* .gnu.linkonce.sb.*)
 .sbss          0x0000428c        0xc ../projeto_bsp/\libhal_bsp.a(alt_main.o)
                0x0000428c                alt_envp
                0x00004290                alt_argv
                0x00004294                alt_argc
 *(.sbss2 .sbss2.* .gnu.linkonce.sb2.*)
 *(.scommon)
                0x00004298                PROVIDE (__sbss_end, ABSOLUTE (.))
                0x00004298                PROVIDE (___sbss_end, ABSOLUTE (.))
 *(.dynbss)
 *(.bss .bss.* .gnu.linkonce.b.*)
 .bss           0x00004298        0x0 ../projeto_bsp//obj/HAL/src/crt0.o
 .bss           0x00004298        0x0 obj/default/hello_world_small.o
 .bss           0x00004298        0x0 ../projeto_bsp/\libhal_bsp.a(alt_load.o)
 .bss           0x00004298        0x0 ../projeto_bsp/\libhal_bsp.a(alt_main.o)
 .bss           0x00004298        0x0 ../projeto_bsp/\libhal_bsp.a(alt_putstr.o)
 .bss           0x00004298        0x0 ../projeto_bsp/\libhal_bsp.a(alt_sys_init.o)
 .bss           0x00004298        0x0 ../projeto_bsp/\libhal_bsp.a(altera_avalon_jtag_uart_write.o)
 .bss           0x00004298        0x0 ../projeto_bsp/\libhal_bsp.a(alt_dcache_flush_all.o)
 .bss           0x00004298        0x0 ../projeto_bsp/\libhal_bsp.a(alt_icache_flush_all.o)
 .bss           0x00004298        0x0 ../projeto_bsp/\libhal_bsp.a(altera_nios2_qsys_irq.o)
 .bss           0x00004298        0x0 c:/altera/13.1/nios2eds/bin/gnu/h-i686-mingw32/bin/../lib/gcc/nios2-elf/4.7.3/../../../../../H-i686-mingw32/nios2-elf/lib/mno-hw-mul\libsmallc.a(lib_a-strlen.o)
 *(COMMON)
                0x00004298                . = ALIGN (0x4)
                0x00004298                __bss_end = ABSOLUTE (.)

.onchip_memory2_0
                0x00004298        0x0
                0x00004298                PROVIDE (_alt_partition_onchip_memory2_0_start, ABSOLUTE (.))
 *(.onchip_memory2_0 .onchip_memory2_0. onchip_memory2_0.*)
                0x00004298                . = ALIGN (0x4)
                0x00004298                PROVIDE (_alt_partition_onchip_memory2_0_end, ABSOLUTE (.))
                0x00004298                _end = ABSOLUTE (.)
                0x00004298                end = ABSOLUTE (.)
                0x00004298                __alt_stack_base = ABSOLUTE (.)
                0x00004298                PROVIDE (_alt_partition_onchip_memory2_0_load_addr, LOADADDR (.onchip_memory2_0))

.stab
 *(.stab)

.stabstr
 *(.stabstr)

.stab.excl
 *(.stab.excl)

.stab.exclstr
 *(.stab.exclstr)

.stab.index
 *(.stab.index)

.stab.indexstr
 *(.stab.indexstr)

.comment        0x00000000       0x23
 *(.comment)
 .comment       0x00000000       0x23 obj/default/hello_world_small.o
                                 0x24 (size before relaxing)
 .comment       0x00000000       0x24 ../projeto_bsp/\libhal_bsp.a(alt_load.o)
 .comment       0x00000000       0x24 ../projeto_bsp/\libhal_bsp.a(alt_main.o)
 .comment       0x00000000       0x24 ../projeto_bsp/\libhal_bsp.a(alt_putstr.o)
 .comment       0x00000000       0x24 ../projeto_bsp/\libhal_bsp.a(alt_sys_init.o)
 .comment       0x00000000       0x24 ../projeto_bsp/\libhal_bsp.a(altera_avalon_jtag_uart_write.o)
 .comment       0x00000000       0x24 ../projeto_bsp/\libhal_bsp.a(alt_dcache_flush_all.o)
 .comment       0x00000000       0x24 ../projeto_bsp/\libhal_bsp.a(alt_icache_flush_all.o)
 .comment       0x00000000       0x24 ../projeto_bsp/\libhal_bsp.a(altera_nios2_qsys_irq.o)
 .comment       0x00000000       0x24 c:/altera/13.1/nios2eds/bin/gnu/h-i686-mingw32/bin/../lib/gcc/nios2-elf/4.7.3/../../../../../H-i686-mingw32/nios2-elf/lib/mno-hw-mul\libsmallc.a(lib_a-strlen.o)

.debug
 *(.debug)

.line
 *(.line)

.debug_srcinfo
 *(.debug_srcinfo)

.debug_sfnames
 *(.debug_sfnames)

.debug_aranges  0x00000000      0x168
 *(.debug_aranges)
 .debug_aranges
                0x00000000       0x28 ../projeto_bsp//obj/HAL/src/crt0.o
 .debug_aranges
                0x00000028       0x20 obj/default/hello_world_small.o
 .debug_aranges
                0x00000048       0x20 ../projeto_bsp/\libhal_bsp.a(alt_load.o)
 .debug_aranges
                0x00000068       0x20 ../projeto_bsp/\libhal_bsp.a(alt_main.o)
 .debug_aranges
                0x00000088       0x20 ../projeto_bsp/\libhal_bsp.a(alt_putstr.o)
 .debug_aranges
                0x000000a8       0x20 ../projeto_bsp/\libhal_bsp.a(alt_sys_init.o)
 .debug_aranges
                0x000000c8       0x20 ../projeto_bsp/\libhal_bsp.a(altera_avalon_jtag_uart_write.o)
 .debug_aranges
                0x000000e8       0x20 ../projeto_bsp/\libhal_bsp.a(alt_dcache_flush_all.o)
 .debug_aranges
                0x00000108       0x20 ../projeto_bsp/\libhal_bsp.a(alt_icache_flush_all.o)
 .debug_aranges
                0x00000128       0x20 ../projeto_bsp/\libhal_bsp.a(altera_nios2_qsys_irq.o)
 .debug_aranges
                0x00000148       0x20 c:/altera/13.1/nios2eds/bin/gnu/h-i686-mingw32/bin/../lib/gcc/nios2-elf/4.7.3/../../../../../H-i686-mingw32/nios2-elf/lib/mno-hw-mul\libsmallc.a(lib_a-strlen.o)

.debug_pubnames
 *(.debug_pubnames)

.debug_info     0x00000000      0xb4a
 *(.debug_info .gnu.linkonce.wi.*)
 .debug_info    0x00000000       0x5e ../projeto_bsp//obj/HAL/src/crt0.o
 .debug_info    0x0000005e       0x8c obj/default/hello_world_small.o
 .debug_info    0x000000ea      0x1b5 ../projeto_bsp/\libhal_bsp.a(alt_load.o)
 .debug_info    0x0000029f      0x194 ../projeto_bsp/\libhal_bsp.a(alt_main.o)
 .debug_info    0x00000433      0x171 ../projeto_bsp/\libhal_bsp.a(alt_putstr.o)
 .debug_info    0x000005a4      0x193 ../projeto_bsp/\libhal_bsp.a(alt_sys_init.o)
 .debug_info    0x00000737      0x1a0 ../projeto_bsp/\libhal_bsp.a(altera_avalon_jtag_uart_write.o)
 .debug_info    0x000008d7       0x8f ../projeto_bsp/\libhal_bsp.a(alt_dcache_flush_all.o)
 .debug_info    0x00000966       0x8f ../projeto_bsp/\libhal_bsp.a(alt_icache_flush_all.o)
 .debug_info    0x000009f5       0x8f ../projeto_bsp/\libhal_bsp.a(altera_nios2_qsys_irq.o)
 .debug_info    0x00000a84       0xc6 c:/altera/13.1/nios2eds/bin/gnu/h-i686-mingw32/bin/../lib/gcc/nios2-elf/4.7.3/../../../../../H-i686-mingw32/nios2-elf/lib/mno-hw-mul\libsmallc.a(lib_a-strlen.o)

.debug_abbrev   0x00000000      0x692
 *(.debug_abbrev)
 .debug_abbrev  0x00000000       0x12 ../projeto_bsp//obj/HAL/src/crt0.o
 .debug_abbrev  0x00000012       0x89 obj/default/hello_world_small.o
 .debug_abbrev  0x0000009b       0xd6 ../projeto_bsp/\libhal_bsp.a(alt_load.o)
 .debug_abbrev  0x00000171      0x120 ../projeto_bsp/\libhal_bsp.a(alt_main.o)
 .debug_abbrev  0x00000291       0xe2 ../projeto_bsp/\libhal_bsp.a(alt_putstr.o)
 .debug_abbrev  0x00000373      0x105 ../projeto_bsp/\libhal_bsp.a(alt_sys_init.o)
 .debug_abbrev  0x00000478       0xd5 ../projeto_bsp/\libhal_bsp.a(altera_avalon_jtag_uart_write.o)
 .debug_abbrev  0x0000054d       0x42 ../projeto_bsp/\libhal_bsp.a(alt_dcache_flush_all.o)
 .debug_abbrev  0x0000058f       0x42 ../projeto_bsp/\libhal_bsp.a(alt_icache_flush_all.o)
 .debug_abbrev  0x000005d1       0x42 ../projeto_bsp/\libhal_bsp.a(altera_nios2_qsys_irq.o)
 .debug_abbrev  0x00000613       0x7f c:/altera/13.1/nios2eds/bin/gnu/h-i686-mingw32/bin/../lib/gcc/nios2-elf/4.7.3/../../../../../H-i686-mingw32/nios2-elf/lib/mno-hw-mul\libsmallc.a(lib_a-strlen.o)

.debug_line     0x00000000      0x7e4
 *(.debug_line)
 .debug_line    0x00000000       0x66 ../projeto_bsp//obj/HAL/src/crt0.o
 .debug_line    0x00000066       0x72 obj/default/hello_world_small.o
 .debug_line    0x000000d8       0xd6 ../projeto_bsp/\libhal_bsp.a(alt_load.o)
 .debug_line    0x000001ae       0xbd ../projeto_bsp/\libhal_bsp.a(alt_main.o)
 .debug_line    0x0000026b      0x123 ../projeto_bsp/\libhal_bsp.a(alt_putstr.o)
 .debug_line    0x0000038e      0x101 ../projeto_bsp/\libhal_bsp.a(alt_sys_init.o)
 .debug_line    0x0000048f       0xf5 ../projeto_bsp/\libhal_bsp.a(altera_avalon_jtag_uart_write.o)
 .debug_line    0x00000584       0x4e ../projeto_bsp/\libhal_bsp.a(alt_dcache_flush_all.o)
 .debug_line    0x000005d2       0x4e ../projeto_bsp/\libhal_bsp.a(alt_icache_flush_all.o)
 .debug_line    0x00000620       0x50 ../projeto_bsp/\libhal_bsp.a(altera_nios2_qsys_irq.o)
 .debug_line    0x00000670      0x174 c:/altera/13.1/nios2eds/bin/gnu/h-i686-mingw32/bin/../lib/gcc/nios2-elf/4.7.3/../../../../../H-i686-mingw32/nios2-elf/lib/mno-hw-mul\libsmallc.a(lib_a-strlen.o)

.debug_frame    0x00000000      0x178
 *(.debug_frame)
 .debug_frame   0x00000000       0x28 obj/default/hello_world_small.o
 .debug_frame   0x00000028       0x28 ../projeto_bsp/\libhal_bsp.a(alt_load.o)
 .debug_frame   0x00000050       0x28 ../projeto_bsp/\libhal_bsp.a(alt_main.o)
 .debug_frame   0x00000078       0x28 ../projeto_bsp/\libhal_bsp.a(alt_putstr.o)
 .debug_frame   0x000000a0       0x38 ../projeto_bsp/\libhal_bsp.a(alt_sys_init.o)
 .debug_frame   0x000000d8       0x20 ../projeto_bsp/\libhal_bsp.a(altera_avalon_jtag_uart_write.o)
 .debug_frame   0x000000f8       0x20 ../projeto_bsp/\libhal_bsp.a(alt_dcache_flush_all.o)
 .debug_frame   0x00000118       0x20 ../projeto_bsp/\libhal_bsp.a(alt_icache_flush_all.o)
 .debug_frame   0x00000138       0x20 ../projeto_bsp/\libhal_bsp.a(altera_nios2_qsys_irq.o)
 .debug_frame   0x00000158       0x20 c:/altera/13.1/nios2eds/bin/gnu/h-i686-mingw32/bin/../lib/gcc/nios2-elf/4.7.3/../../../../../H-i686-mingw32/nios2-elf/lib/mno-hw-mul\libsmallc.a(lib_a-strlen.o)

.debug_str      0x00000000      0x4ec
 *(.debug_str)
 .debug_str     0x00000000       0x51 obj/default/hello_world_small.o
                                 0x5b (size before relaxing)
 .debug_str     0x00000051      0x19e ../projeto_bsp/\libhal_bsp.a(alt_load.o)
                                0x1e3 (size before relaxing)
 .debug_str     0x000001ef       0x8f ../projeto_bsp/\libhal_bsp.a(alt_main.o)
                                0x15c (size before relaxing)
 .debug_str     0x0000027e       0x6d ../projeto_bsp/\libhal_bsp.a(alt_putstr.o)
                                0x140 (size before relaxing)
 .debug_str     0x000002eb       0x86 ../projeto_bsp/\libhal_bsp.a(alt_sys_init.o)
                                0x1cd (size before relaxing)
 .debug_str     0x00000371       0x3f ../projeto_bsp/\libhal_bsp.a(altera_avalon_jtag_uart_write.o)
                                0x1bc (size before relaxing)
 .debug_str     0x000003b0       0x1f ../projeto_bsp/\libhal_bsp.a(alt_dcache_flush_all.o)
                                 0xfc (size before relaxing)
 .debug_str     0x000003cf       0x1f ../projeto_bsp/\libhal_bsp.a(alt_icache_flush_all.o)
                                 0xfc (size before relaxing)
 .debug_str     0x000003ee       0x20 ../projeto_bsp/\libhal_bsp.a(altera_nios2_qsys_irq.o)
                                0x103 (size before relaxing)
 .debug_str     0x0000040e       0xde c:/altera/13.1/nios2eds/bin/gnu/h-i686-mingw32/bin/../lib/gcc/nios2-elf/4.7.3/../../../../../H-i686-mingw32/nios2-elf/lib/mno-hw-mul\libsmallc.a(lib_a-strlen.o)
                                0x190 (size before relaxing)

.debug_loc      0x00000000      0x19f
 *(.debug_loc)
 .debug_loc     0x00000000       0x20 obj/default/hello_world_small.o
 .debug_loc     0x00000020       0x20 ../projeto_bsp/\libhal_bsp.a(alt_load.o)
 .debug_loc     0x00000040       0x20 ../projeto_bsp/\libhal_bsp.a(alt_main.o)
 .debug_loc     0x00000060       0x57 ../projeto_bsp/\libhal_bsp.a(alt_putstr.o)
 .debug_loc     0x000000b7       0x41 ../projeto_bsp/\libhal_bsp.a(alt_sys_init.o)
 .debug_loc     0x000000f8       0x7e ../projeto_bsp/\libhal_bsp.a(altera_avalon_jtag_uart_write.o)
 .debug_loc     0x00000176       0x29 c:/altera/13.1/nios2eds/bin/gnu/h-i686-mingw32/bin/../lib/gcc/nios2-elf/4.7.3/../../../../../H-i686-mingw32/nios2-elf/lib/mno-hw-mul\libsmallc.a(lib_a-strlen.o)

.debug_macinfo
 *(.debug_macinfo)

.debug_weaknames
 *(.debug_weaknames)

.debug_funcnames
 *(.debug_funcnames)

.debug_typenames
 *(.debug_typenames)

.debug_varnames
 *(.debug_varnames)

.debug_alt_sim_info
                0x00000000       0x10
 *(.debug_alt_sim_info)
 .debug_alt_sim_info
                0x00000000       0x10 ../projeto_bsp//obj/HAL/src/crt0.o
                0x00007ffc                __alt_data_end = 0x7ffc
                0x00007ffc                PROVIDE (__alt_stack_pointer, __alt_data_end)
                0x00004298                PROVIDE (__alt_stack_limit, __alt_stack_base)
                0x00004298                PROVIDE (__alt_heap_start, end)
                0x00007ffc                PROVIDE (__alt_heap_limit, 0x7ffc)
OUTPUT(projeto.elf elf32-littlenios2)

.debug_ranges   0x00000000       0x78
 .debug_ranges  0x00000000       0x20 ../projeto_bsp//obj/HAL/src/crt0.o
 .debug_ranges  0x00000020       0x10 obj/default/hello_world_small.o
 .debug_ranges  0x00000030       0x48 ../projeto_bsp/\libhal_bsp.a(alt_load.o)
